Component: ARM Compiler 5.06 update 4 (build 422) Tool: armlink [4d35d2]

==============================================================================

Section Cross References

    startup_stm32f407xx.o(RESET) refers to startup_stm32f407xx.o(STACK) for __initial_sp
    startup_stm32f407xx.o(RESET) refers to startup_stm32f407xx.o(.text) for Reset_Handler
    startup_stm32f407xx.o(RESET) refers to stm32f4xx_it.o(i.NMI_Handler) for NMI_Handler
    startup_stm32f407xx.o(RESET) refers to stm32f4xx_it.o(i.HardFault_Handler) for HardFault_Handler
    startup_stm32f407xx.o(RESET) refers to stm32f4xx_it.o(i.MemManage_Handler) for MemManage_Handler
    startup_stm32f407xx.o(RESET) refers to stm32f4xx_it.o(i.BusFault_Handler) for BusFault_Handler
    startup_stm32f407xx.o(RESET) refers to stm32f4xx_it.o(i.UsageFault_Handler) for UsageFault_Handler
    startup_stm32f407xx.o(RESET) refers to stm32f4xx_it.o(i.SVC_Handler) for SVC_Handler
    startup_stm32f407xx.o(RESET) refers to stm32f4xx_it.o(i.DebugMon_Handler) for DebugMon_Handler
    startup_stm32f407xx.o(RESET) refers to stm32f4xx_it.o(i.PendSV_Handler) for PendSV_Handler
    startup_stm32f407xx.o(RESET) refers to stm32f4xx_it.o(i.SysTick_Handler) for SysTick_Handler
    startup_stm32f407xx.o(RESET) refers to stm32f4xx_it.o(i.OTG_FS_IRQHandler) for OTG_FS_IRQHandler
    startup_stm32f407xx.o(.text) refers to system_stm32f4xx.o(i.SystemInit) for SystemInit
    startup_stm32f407xx.o(.text) refers to entry.o(.ARM.Collect$$$$00000000) for __main
    main.o(i.Buttons_Init) refers to main.o(i.Button_Init) for Button_Init
    main.o(i.LED_Debug) refers to stm32f4xx_hal_gpio.o(i.HAL_GPIO_WritePin) for HAL_GPIO_WritePin
    main.o(i.MX_GPIO_Init) refers to memseta.o(.text) for __aeabi_memclr4
    main.o(i.MX_GPIO_Init) refers to stm32f4xx_hal_gpio.o(i.HAL_GPIO_WritePin) for HAL_GPIO_WritePin
    main.o(i.MX_GPIO_Init) refers to stm32f4xx_hal_gpio.o(i.HAL_GPIO_Init) for HAL_GPIO_Init
    main.o(i.MX_SPI1_Init) refers to stm32f4xx_hal_spi.o(i.HAL_SPI_Init) for HAL_SPI_Init
    main.o(i.MX_SPI1_Init) refers to main.o(.bss) for .bss
    main.o(i.Ms_Tick) refers to stm32f4xx_hal.o(i.HAL_GetTick) for HAL_GetTick
    main.o(i.Read_Button) refers to stm32f4xx_hal_gpio.o(i.HAL_GPIO_ReadPin) for HAL_GPIO_ReadPin
    main.o(i.SystemClock_Config) refers to memseta.o(.text) for __aeabi_memclr4
    main.o(i.SystemClock_Config) refers to stm32f4xx_hal_rcc.o(i.HAL_RCC_OscConfig) for HAL_RCC_OscConfig
    main.o(i.SystemClock_Config) refers to stm32f4xx_hal_rcc.o(i.HAL_RCC_ClockConfig) for HAL_RCC_ClockConfig
    main.o(i.SystemClock_Config) refers to stm32f4xx_hal_rcc_ex.o(i.HAL_RCCEx_PeriphCLKConfig) for HAL_RCCEx_PeriphCLKConfig
    main.o(i.main) refers to stm32f4xx_hal.o(i.HAL_GetTick) for HAL_GetTick
    main.o(i.main) refers to stm32f4xx_hal.o(i.HAL_Init) for HAL_Init
    main.o(i.main) refers to main.o(i.SystemClock_Config) for SystemClock_Config
    main.o(i.main) refers to main.o(i.MX_GPIO_Init) for MX_GPIO_Init
    main.o(i.main) refers to stm32f4xx_hal_i2c.o(i.HAL_I2C_Init) for HAL_I2C_Init
    main.o(i.main) refers to stm32f4xx_hal_i2s.o(i.HAL_I2S_Init) for HAL_I2S_Init
    main.o(i.main) refers to main.o(i.MX_SPI1_Init) for MX_SPI1_Init
    main.o(i.main) refers to stm32f4xx_hal_uart.o(i.HAL_UART_Init) for HAL_UART_Init
    main.o(i.main) refers to usb_host.o(i.MX_USB_HOST_Init) for MX_USB_HOST_Init
    main.o(i.main) refers to main.o(i.Buttons_Init) for Buttons_Init
    main.o(i.main) refers to usb_host.o(i.MX_USB_HOST_Process) for MX_USB_HOST_Process
    main.o(i.main) refers to main.o(i.Read_Button) for Read_Button
    main.o(i.main) refers to main.o(i.Encode_Radio_Packet) for Encode_Radio_Packet
    main.o(i.main) refers to stm32f4xx_hal_uart.o(i.HAL_UART_Transmit) for HAL_UART_Transmit
    main.o(i.main) refers to main.o(i.LED_Debug) for LED_Debug
    main.o(i.main) refers to main.o(.bss) for .bss
    usb_host.o(i.MX_USB_HOST_Init) refers to usbh_core.o(i.USBH_Init) for USBH_Init
    usb_host.o(i.MX_USB_HOST_Init) refers to main.o(i.Error_Handler) for Error_Handler
    usb_host.o(i.MX_USB_HOST_Init) refers to usbh_core.o(i.USBH_RegisterClass) for USBH_RegisterClass
    usb_host.o(i.MX_USB_HOST_Init) refers to usbh_core.o(i.USBH_Start) for USBH_Start
    usb_host.o(i.MX_USB_HOST_Init) refers to usb_host.o(i.USBH_UserProcess) for USBH_UserProcess
    usb_host.o(i.MX_USB_HOST_Init) refers to usb_host.o(.bss) for .bss
    usb_host.o(i.MX_USB_HOST_Init) refers to usbh_cdc.o(.data) for CDC_Class
    usb_host.o(i.MX_USB_HOST_Process) refers to usbh_core.o(i.USBH_Process) for USBH_Process
    usb_host.o(i.MX_USB_HOST_Process) refers to usb_host.o(.bss) for .bss
    usb_host.o(i.USBH_UserProcess) refers to usb_host.o(.data) for .data
    usbh_conf.o(i.HAL_HCD_Connect_Callback) refers to usbh_core.o(i.USBH_LL_Connect) for USBH_LL_Connect
    usbh_conf.o(i.HAL_HCD_Disconnect_Callback) refers to usbh_core.o(i.USBH_LL_Disconnect) for USBH_LL_Disconnect
[...]
    Removing usbh_cdc.o(i.USBH_CDC_Transmit), (42 bytes).

504 unused section(s) (total 37934 bytes) removed from the image.

==============================================================================

Image Symbol Table

    Local Symbols

    Symbol Name                              Value     Ov Type        Size  Object(Section)

    ../Drivers/STM32F4xx_HAL_Driver/Src/stm32f4xx_hal.c 0x00000000   Number         0  stm32f4xx_hal.o ABSOLUTE
    ../Drivers/STM32F4xx_HAL_Driver/Src/stm32f4xx_hal_cortex.c 0x00000000   Number         0  stm32f4xx_hal_cortex.o ABSOLUTE
    ../Drivers/STM32F4xx_HAL_Driver/Src/stm32f4xx_hal_dma.c 0x00000000   Number         0  stm32f4xx_hal_dma.o ABSOLUTE
    ../Drivers/STM32F4xx_HAL_Driver/Src/stm32f4xx_hal_dma_ex.c 0x00000000   Number         0  stm32f4xx_hal_dma_ex.o ABSOLUTE
    ../Drivers/STM32F4xx_HAL_Driver/Src/stm32f4xx_hal_exti.c 0x00000000   Number         0  stm32f4xx_hal_exti.o ABSOLUTE
    ../Drivers/STM32F4xx_HAL_Driver/Src/stm32f4xx_hal_flash.c 0x00000000   Number         0  stm32f4xx_hal_flash.o ABSOLUTE
    ../Drivers/STM32F4xx_HAL_Driver/Src/stm32f4xx_hal_flash_ex.c 0x00000000   Number         0  stm32f4xx_hal_flash_ex.o ABSOLUTE
    ../Drivers/STM32F4xx_HAL_Driver/Src/stm32f4xx_hal_flash_ramfunc.c 0x00000000   Number         0  stm32f4xx_hal_flash_ramfunc.o ABSOLUTE
    ../Drivers/STM32F4xx_HAL_Driver/Src/stm32f4xx_hal_gpio.c 0x00000000   Number         0  stm32f4xx_hal_gpio.o ABSOLUTE
    ../Drivers/STM32F4xx_HAL_Driver/Src/stm32f4xx_hal_hcd.c 0x00000000   Number         0  stm32f4xx_hal_hcd.o ABSOLUTE
    ../Drivers/STM32F4xx_HAL_Driver/Src/stm32f4xx_hal_i2c.c 0x00000000   Number         0  stm32f4xx_hal_i2c.o ABSOLUTE
    ../Drivers/STM32F4xx_HAL_Driver/Src/stm32f4xx_hal_i2c_ex.c 0x00000000   Number         0  stm32f4xx_hal_i2c_ex.o ABSOLUTE
    ../Drivers/STM32F4xx_HAL_Driver/Src/stm32f4xx_hal_i2s.c 0x00000000   Number         0  stm32f4xx_hal_i2s.o ABSOLUTE
    ../Drivers/STM32F4xx_HAL_Driver/Src/stm32f4xx_hal_i2s_ex.c 0x00000000   Number         0  stm32f4xx_hal_i2s_ex.o ABSOLUTE
    ../Drivers/STM32F4xx_HAL_Driver/Src/stm32f4xx_hal_pwr.c 0x00000000   Number         0  stm32f4xx_hal_pwr.o ABSOLUTE
    ../Drivers/STM32F4xx_HAL_Driver/Src/stm32f4xx_hal_pwr_ex.c 0x00000000   Number         0  stm32f4xx_hal_pwr_ex.o ABSOLUTE
    ../Drivers/STM32F4xx_HAL_Driver/Src/stm32f4xx_hal_rcc.c 0x00000000   Number         0  stm32f4xx_hal_rcc.o ABSOLUTE
    ../Drivers/STM32F4xx_HAL_Driver/Src/stm32f4xx_hal_rcc_ex.c 0x00000000   Number         0  stm32f4xx_hal_rcc_ex.o ABSOLUTE
    ../Drivers/STM32F4xx_HAL_Driver/Src/stm32f4xx_hal_spi.c 0x00000000   Number         0  stm32f4xx_hal_spi.o ABSOLUTE
    ../Drivers/STM32F4xx_HAL_Driver/Src/stm32f4xx_hal_tim.c 0x00000000   Number         0  stm32f4xx_hal_tim.o ABSOLUTE
    ../Drivers/STM32F4xx_HAL_Driver/Src/stm32f4xx_hal_tim_ex.c 0x00000000   Number         0  stm32f4xx_hal_tim_ex.o ABSOLUTE
    ../Drivers/STM32F4xx_HAL_Driver/Src/stm32f4xx_hal_uart.c 0x00000000   Number         0  stm32f4xx_hal_uart.o ABSOLUTE
    ../Drivers/STM32F4xx_HAL_Driver/Src/stm32f4xx_ll_usb.c 0x00000000   Number         0  stm32f4xx_ll_usb.o ABSOLUTE
    ../Middlewares/ST/STM32_USB_Host_Library/Class/CDC/Src/usbh_cdc.c 0x00000000   Number         0  usbh_cdc.o ABSOLUTE
    ../Middlewares/ST/STM32_USB_Host_Library/Core/Src/usbh_core.c 0x00000000   Number         0  usbh_core.o ABSOLUTE
    ../Middlewares/ST/STM32_USB_Host_Library/Core/Src/usbh_ctlreq.c 0x00000000   Number         0  usbh_ctlreq.o ABSOLUTE
    ../Middlewares/ST/STM32_USB_Host_Library/Core/Src/usbh_ioreq.c 0x00000000   Number         0  usbh_ioreq.o ABSOLUTE
    ../Middlewares/ST/STM32_USB_Host_Library/Core/Src/usbh_pipes.c 0x00000000   Number         0  usbh_pipes.o ABSOLUTE
    ../Src/main.c                            0x00000000   Number         0  main.o ABSOLUTE
    ../Src/stm32f4xx_hal_msp.c               0x00000000   Number         0  stm32f4xx_hal_msp.o ABSOLUTE
    ../Src/stm32f4xx_it.c                    0x00000000   Number         0  stm32f4xx_it.o ABSOLUTE
    ../Src/system_stm32f4xx.c                0x00000000   Number         0  system_stm32f4xx.o ABSOLUTE
    ../Src/usb_host.c                        0x00000000   Number         0  usb_host.o ABSOLUTE
    ../Src/usbh_conf.c                       0x00000000   Number         0  usbh_conf.o ABSOLUTE
    ../Src/usbh_platform.c                   0x00000000   Number         0  usbh_platform.o ABSOLUTE
    ../clib/microlib/division.c              0x00000000   Number         0  uldiv.o ABSOLUTE
    ../clib/microlib/init/entry.s            0x00000000   Number         0  entry11b.o ABSOLUTE
    ../clib/microlib/init/entry.s            0x00000000   Number         0  entry11a.o ABSOLUTE
    ../clib/microlib/init/entry.s            0x00000000   Number         0  entry10b.o ABSOLUTE
    ../clib/microlib/init/entry.s            0x00000000   Number         0  entry10a.o ABSOLUTE
    ../clib/microlib/init/entry.s            0x00000000   Number         0  entry9b.o ABSOLUTE
    ../clib/microlib/init/entry.s            0x00000000   Number         0  entry9a.o ABSOLUTE
    ../clib/microlib/init/entry.s            0x00000000   Number         0  entry8b.o ABSOLUTE
    ../clib/microlib/init/entry.s            0x00000000   Number         0  entry8a.o ABSOLUTE
    ../clib/microlib/init/entry.s            0x00000000   Number         0  entry7b.o ABSOLUTE
    ../clib/microlib/init/entry.s            0x00000000   Number         0  entry7a.o ABSOLUTE
    ../clib/microlib/init/entry.s            0x00000000   Number         0  entry5.o ABSOLUTE
    ../clib/microlib/init/entry.s            0x00000000   Number         0  entry2.o ABSOLUTE
    ../clib/microlib/init/entry.s            0x00000000   Number         0  entry.o ABSOLUTE
    ../clib/microlib/longlong.c              0x00000000   Number         0  llshl.o ABSOLUTE
    ../clib/microlib/longlong.c              0x00000000   Number         0  llushr.o ABSOLUTE
    ../clib/microlib/malloc/malloc.c         0x00000000   Number         0  mallocra.o ABSOLUTE
    ../clib/microlib/malloc/malloc.c         0x00000000   Number         0  malloca.o ABSOLUTE
    ../clib/microlib/malloc/malloc.c         0x00000000   Number         0  mallocr.o ABSOLUTE
    ../clib/microlib/malloc/malloc.c         0x00000000   Number         0  malloc.o ABSOLUTE
    ../clib/microlib/malloc/mvars.c          0x00000000   Number         0  mvars.o ABSOLUTE
    ../clib/microlib/string/memcpy.c         0x00000000   Number         0  memcpyb.o ABSOLUTE
    ../clib/microlib/string/memcpy.c         0x00000000   Number         0  memcpya.o ABSOLUTE
    ../clib/microlib/string/memset.c         0x00000000   Number         0  memseta.o ABSOLUTE
    ..\Drivers\STM32F4xx_HAL_Driver\Src\stm32f4xx_hal.c 0x00000000   Number         0  stm32f4xx_hal.o ABSOLUTE
    ..\Drivers\STM32F4xx_HAL_Driver\Src\stm32f4xx_hal_cortex.c 0x00000000   Number         0  stm32f4xx_hal_cortex.o ABSOLUTE
    ..\Drivers\STM32F4xx_HAL_Driver\Src\stm32f4xx_hal_dma.c 0x00000000   Number         0  stm32f4xx_hal_dma.o ABSOLUTE
    ..\Drivers\STM32F4xx_HAL_Driver\Src\stm32f4xx_hal_dma_ex.c 0x00000000   Number         0  stm32f4xx_hal_dma_ex.o ABSOLUTE
    ..\Drivers\STM32F4xx_HAL_Driver\Src\stm32f4xx_hal_exti.c 0x00000000   Number         0  stm32f4xx_hal_exti.o ABSOLUTE
    ..\Drivers\STM32F4xx_HAL_Driver\Src\stm32f4xx_hal_flash.c 0x00000000   Number         0  stm32f4xx_hal_flash.o ABSOLUTE
    ..\Drivers\STM32F4xx_HAL_Driver\Src\stm32f4xx_hal_flash_ex.c 0x00000000   Number         0  stm32f4xx_hal_flash_ex.o ABSOLUTE
    ..\Drivers\STM32F4xx_HAL_Driver\Src\stm32f4xx_hal_flash_ramfunc.c 0x00000000   Number         0  stm32f4xx_hal_flash_ramfunc.o ABSOLUTE
    ..\Drivers\STM32F4xx_HAL_Driver\Src\stm32f4xx_hal_gpio.c 0x00000000   Number         0  stm32f4xx_hal_gpio.o ABSOLUTE
    ..\Drivers\STM32F4xx_HAL_Driver\Src\stm32f4xx_hal_hcd.c 0x00000000   Number         0  stm32f4xx_hal_hcd.o ABSOLUTE
    ..\Drivers\STM32F4xx_HAL_Driver\Src\stm32f4xx_hal_i2c.c 0x00000000   Number         0  stm32f4xx_hal_i2c.o ABSOLUTE
    ..\Drivers\STM32F4xx_HAL_Driver\Src\stm32f4xx_hal_i2c_ex.c 0x00000000   Number         0  stm32f4xx_hal_i2c_ex.o ABSOLUTE
    ..\Drivers\STM32F4xx_HAL_Driver\Src\stm32f4xx_hal_i2s.c 0x00000000   Number         0  stm32f4xx_hal_i2s.o ABSOLUTE
    ..\Drivers\STM32F4xx_HAL_Driver\Src\stm32f4xx_hal_i2s_ex.c 0x00000000   Number         0  stm32f4xx_hal_i2s_ex.o ABSOLUTE
    ..\Drivers\STM32F4xx_HAL_Driver\Src\stm32f4xx_hal_pwr.c 0x00000000   Number         0  stm32f4xx_hal_pwr.o ABSOLUTE
    ..\Drivers\STM32F4xx_HAL_Driver\Src\stm32f4xx_hal_pwr_ex.c 0x00000000   Number         0  stm32f4xx_hal_pwr_ex.o ABSOLUTE
    ..\Drivers\STM32F4xx_HAL_Driver\Src\stm32f4xx_hal_rcc.c 0x00000000   Number         0  stm32f4xx_hal_rcc.o ABSOLUTE
    ..\Drivers\STM32F4xx_HAL_Driver\Src\stm32f4xx_hal_rcc_ex.c 0x00000000   Number         0  stm32f4xx_hal_rcc_ex.o ABSOLUTE
    ..\Drivers\STM32F4xx_HAL_Driver\Src\stm32f4xx_hal_spi.c 0x00000000   Number         0  stm32f4xx_hal_spi.o ABSOLUTE
    ..\Drivers\STM32F4xx_HAL_Driver\Src\stm32f4xx_hal_tim.c 0x00000000   Number         0  stm32f4xx_hal_tim.o ABSOLUTE
    ..\Drivers\STM32F4xx_HAL_Driver\Src\stm32f4xx_hal_tim_ex.c 0x00000000   Number         0  stm32f4xx_hal_tim_ex.o ABSOLUTE
    ..\Drivers\STM32F4xx_HAL_Driver\Src\stm32f4xx_hal_uart.c 0x00000000   Number         0  stm32f4xx_hal_uart.o ABSOLUTE
    ..\Drivers\STM32F4xx_HAL_Driver\Src\stm32f4xx_ll_usb.c 0x00000000   Number         0  stm32f4xx_ll_usb.o ABSOLUTE
    ..\Middlewares\ST\STM32_USB_Host_Library\Class\CDC\Src\usbh_cdc.c 0x00000000   Number         0  usbh_cdc.o ABSOLUTE
    ..\Middlewares\ST\STM32_USB_Host_Library\Core\Src\usbh_core.c 0x00000000   Number         0  usbh_core.o ABSOLUTE
    ..\Middlewares\ST\STM32_USB_Host_Library\Core\Src\usbh_ctlreq.c 0x00000000   Number         0  usbh_ctlreq.o ABSOLUTE
    ..\Middlewares\ST\STM32_USB_Host_Library\Core\Src\usbh_ioreq.c 0x00000000   Number         0  usbh_ioreq.o ABSOLUTE
    ..\Middlewares\ST\STM32_USB_Host_Library\Core\Src\usbh_pipes.c 0x00000000   Number         0  usbh_pipes.o ABSOLUTE
    ..\Src\main.c                            0x00000000   Number         0  main.o ABSOLUTE
    ..\Src\stm32f4xx_hal_msp.c               0x00000000   Number         0  stm32f4xx_hal_msp.o ABSOLUTE
    ..\Src\stm32f4xx_it.c                    0x00000000   Number         0  stm32f4xx_it.o ABSOLUTE
    ..\Src\system_stm32f4xx.c                0x00000000   Number         0  system_stm32f4xx.o ABSOLUTE
    ..\Src\usb_host.c                        0x00000000   Number         0  usb_host.o ABSOLUTE
    ..\Src\usbh_conf.c                       0x00000000   Number         0  usbh_conf.o ABSOLUTE
    ..\Src\usbh_platform.c                   0x00000000   Number         0  usbh_platform.o ABSOLUTE
    dc.s                                     0x00000000   Number         0  dc.o ABSOLUTE
    handlers.s                               0x00000000   Number         0  handlers.o ABSOLUTE
    init.s                                   0x00000000   Number         0  init.o ABSOLUTE
    startup_stm32f407xx.s                    0x00000000   Number         0  startup_stm32f407xx.o ABSOLUTE
    RESET                                    0x08000000   Section      392  startup_stm32f407xx.o(RESET)
    .ARM.Collect$$$$00000000                 0x08000188   Section        0  entry.o(.ARM.Collect$$$$00000000)
    .ARM.Collect$$$$00000001                 0x08000188   Section        4  entry2.o(.ARM.Collect$$$$00000001)
    .ARM.Collect$$$$00000004                 0x0800018c   Section        4  entry5.o(.ARM.Collect$$$$00000004)
    .ARM.Collect$$$$00000008                 0x08000190   Section        0  entry7b.o(.ARM.Collect$$$$00000008)
    .ARM.Collect$$$$0000000A                 0x08000190   Section        0  entry8b.o(.ARM.Collect$$$$0000000A)
    .ARM.Collect$$$$0000000B                 0x08000190   Section        8  entry9a.o(.ARM.Collect$$$$0000000B)
    .ARM.Collect$$$$0000000D                 0x08000198   Section        0  entry10a.o(.ARM.Collect$$$$0000000D)
    .ARM.Collect$$$$0000000F                 0x08000198   Section        0  entry11a.o(.ARM.Collect$$$$0000000F)
    .ARM.Collect$$$$00002712                 0x08000198   Section        4  entry2.o(.ARM.Collect$$$$00002712)
    __lit__00000000                          0x08000198   Data           4  entry2.o(.ARM.Collect$$$$00002712)
    .text                                    0x0800019c   Section       36  startup_stm32f407xx.o(.text)
    $v0                                      0x0800019c   Number         0  startup_stm32f407xx.o(.text)
    .text                                    0x080001c0   Section        0  uldiv.o(.text)
    .text                                    0x08000222   Section        0  memcpya.o(.text)
    .text                                    0x08000246   Section        0  memseta.o(.text)
    .text                                    0x0800026a   Section        0  llshl.o(.text)
    .text                                    0x08000288   Section        0  llushr.o(.text)
    .text                                    0x080002a8   Section       36  init.o(.text)
    i.BusFault_Handler                       0x080002cc   Section        0  stm32f4xx_it.o(i.BusFault_Handler)
    i.Button_Init                            0x080002ce   Section        0  main.o(i.Button_Init)
    i.Buttons_Init                           0x080002e0   Section        0  main.o(i.Buttons_Init)
    i.CDC_ProcessReception                   0x0800031c   Section        0  usbh_cdc.o(i.CDC_ProcessReception)
    CDC_ProcessReception                     0x0800031d   Thumb Code   104  usbh_cdc.o(i.CDC_ProcessReception)
    i.CDC_ProcessTransmission                0x08000384   Section        0  usbh_cdc.o(i.CDC_ProcessTransmission)
    CDC_ProcessTransmission                  0x08000385   Thumb Code   114  usbh_cdc.o(i.CDC_ProcessTransmission)
    i.DeInitStateMachine                     0x080003f8   Section        0  usbh_core.o(i.DeInitStateMachine)
    DeInitStateMachine                       0x080003f9   Thumb Code    72  usbh_core.o(i.DeInitStateMachine)
    i.DebugMon_Handler                       0x08000440   Section        0  stm32f4xx_it.o(i.DebugMon_Handler)
    i.Encode_Radio_Packet                    0x08000442   Section        0  main.o(i.Encode_Radio_Packet)
    i.Error_Handler                          0x0800044a   Section        0  main.o(i.Error_Handler)
    i.GetLineCoding                          0x0800044c   Section        0  usbh_cdc.o(i.GetLineCoding)
    GetLineCoding                            0x0800044d   Thumb Code    22  usbh_cdc.o(i.GetLineCoding)
    i.HAL_Delay                              0x08000464   Section        0  stm32f4xx_hal.o(i.HAL_Delay)
    i.HAL_GPIO_Init                          0x08000488   Section        0  stm32f4xx_hal_gpio.o(i.HAL_GPIO_Init)
    i.HAL_GPIO_ReadPin                       0x08000638   Section        0  stm32f4xx_hal_gpio.o(i.HAL_GPIO_ReadPin)
    i.HAL_GPIO_WritePin                      0x08000642   Section        0  stm32f4xx_hal_gpio.o(i.HAL_GPIO_WritePin)
    i.HAL_GetTick                            0x0800064c   Section        0  stm32f4xx_hal.o(i.HAL_GetTick)
    i.HAL_HCD_Connect_Callback               0x08000658   Section        0  usbh_conf.o(i.HAL_HCD_Connect_Callback)
    i.HAL_HCD_Disconnect_Callback            0x08000660   Section        0  usbh_conf.o(i.HAL_HCD_Disconnect_Callback)
    i.HAL_HCD_GetCurrentFrame                0x08000668   Section        0  stm32f4xx_hal_hcd.o(i.HAL_HCD_GetCurrentFrame)
    i.HAL_HCD_GetCurrentSpeed                0x0800066e   Section        0  stm32f4xx_hal_hcd.o(i.HAL_HCD_GetCurrentSpeed)
    i.HAL_HCD_HC_GetURBState                 0x08000674   Section        0  stm32f4xx_hal_hcd.o(i.HAL_HCD_HC_GetURBState)
    i.HAL_HCD_HC_GetXferCount                0x08000682   Section        0  stm32f4xx_hal_hcd.o(i.HAL_HCD_HC_GetXferCount)
    i.HAL_HCD_HC_Halt                        0x0800068e   Section        0  stm32f4xx_hal_hcd.o(i.HAL_HCD_HC_Halt)
    i.HAL_HCD_HC_Init                        0x080006b2   Section        0  stm32f4xx_hal_hcd.o(i.HAL_HCD_HC_Init)
    i.HAL_HCD_HC_NotifyURBChange_Callback    0x08000724   Section        0  usbh_conf.o(i.HAL_HCD_HC_NotifyURBChange_Callback)
    i.HAL_HCD_HC_SubmitRequest               0x08000726   Section        0  stm32f4xx_hal_hcd.o(i.HAL_HCD_HC_SubmitRequest)
    i.HAL_HCD_IRQHandler                     0x080007b4   Section        0  stm32f4xx_hal_hcd.o(i.HAL_HCD_IRQHandler)
    i.HAL_HCD_Init                           0x080008e6   Section        0  stm32f4xx_hal_hcd.o(i.HAL_HCD_Init)
    i.HAL_HCD_MspInit                        0x08000958   Section        0  usbh_conf.o(i.HAL_HCD_MspInit)
    i.HAL_HCD_PortDisabled_Callback          0x080009ec   Section        0  usbh_conf.o(i.HAL_HCD_PortDisabled_Callback)
    i.HAL_HCD_PortEnabled_Callback           0x080009f4   Section        0  usbh_conf.o(i.HAL_HCD_PortEnabled_Callback)
    i.HAL_HCD_ResetPort                      0x080009fc   Section        0  stm32f4xx_hal_hcd.o(i.HAL_HCD_ResetPort)
    i.HAL_HCD_SOF_Callback                   0x08000a02   Section        0  usbh_conf.o(i.HAL_HCD_SOF_Callback)
    i.HAL_HCD_Start                          0x08000a0a   Section        0  stm32f4xx_hal_hcd.o(i.HAL_HCD_Start)
    i.HAL_HCD_Stop                           0x08000a36   Section        0  stm32f4xx_hal_hcd.o(i.HAL_HCD_Stop)
    i.HAL_I2C_Init                           0x08000a5c   Section        0  stm32f4xx_hal_i2c.o(i.HAL_I2C_Init)
    i.HAL_I2C_MspInit                        0x08000bd0   Section        0  stm32f4xx_hal_msp.o(i.HAL_I2C_MspInit)
    i.HAL_I2SEx_FullDuplex_IRQHandler        0x08000c3c   Section        0  stm32f4xx_hal_i2s_ex.o(i.HAL_I2SEx_FullDuplex_IRQHandler)
    i.HAL_I2SEx_TxRxCpltCallback             0x08000e30   Section        0  stm32f4xx_hal_i2s_ex.o(i.HAL_I2SEx_TxRxCpltCallback)
    i.HAL_I2S_ErrorCallback                  0x08000e32   Section        0  stm32f4xx_hal_i2s.o(i.HAL_I2S_ErrorCallback)
    i.HAL_I2S_Init                           0x08000e34   Section        0  stm32f4xx_hal_i2s.o(i.HAL_I2S_Init)
    i.HAL_I2S_MspInit                        0x08000fa8   Section        0  stm32f4xx_hal_msp.o(i.HAL_I2S_MspInit)
    i.HAL_I2S_RxCpltCallback                 0x08001038   Section        0  stm32f4xx_hal_i2s.o(i.HAL_I2S_RxCpltCallback)
    i.HAL_I2S_TxCpltCallback                 0x0800103a   Section        0  stm32f4xx_hal_i2s.o(i.HAL_I2S_TxCpltCallback)
    i.HAL_IncTick                            0x0800103c   Section        0  stm32f4xx_hal.o(i.HAL_IncTick)
    i.HAL_Init                               0x0800104c   Section        0  stm32f4xx_hal.o(i.HAL_Init)
    i.HAL_InitTick                           0x08001080   Section        0  stm32f4xx_hal.o(i.HAL_InitTick)
    i.HAL_MspInit                            0x080010c0   Section        0  stm32f4xx_hal_msp.o(i.HAL_MspInit)
    i.HAL_NVIC_EnableIRQ                     0x080010f4   Section        0  stm32f4xx_hal_cortex.o(i.HAL_NVIC_EnableIRQ)
    i.HAL_NVIC_SetPriority                   0x08001110   Section        0  stm32f4xx_hal_cortex.o(i.HAL_NVIC_SetPriority)
    i.HAL_NVIC_SetPriorityGrouping           0x08001150   Section        0  stm32f4xx_hal_cortex.o(i.HAL_NVIC_SetPriorityGrouping)
    i.HAL_RCCEx_GetPeriphCLKFreq             0x08001174   Section        0  stm32f4xx_hal_rcc_ex.o(i.HAL_RCCEx_GetPeriphCLKFreq)
    i.HAL_RCCEx_PeriphCLKConfig              0x080011d0   Section        0  stm32f4xx_hal_rcc_ex.o(i.HAL_RCCEx_PeriphCLKConfig)
    i.HAL_RCC_ClockConfig                    0x0800130c   Section        0  stm32f4xx_hal_rcc.o(i.HAL_RCC_ClockConfig)
    i.HAL_RCC_GetPCLK1Freq                   0x0800143c   Section        0  stm32f4xx_hal_rcc.o(i.HAL_RCC_GetPCLK1Freq)
    i.HAL_RCC_GetPCLK2Freq                   0x0800145c   Section        0  stm32f4xx_hal_rcc.o(i.HAL_RCC_GetPCLK2Freq)
    i.HAL_RCC_GetSysClockFreq                0x0800147c   Section        0  stm32f4xx_hal_rcc.o(i.HAL_RCC_GetSysClockFreq)
    i.HAL_RCC_OscConfig                      0x080014dc   Section        0  stm32f4xx_hal_rcc.o(i.HAL_RCC_OscConfig)
    i.HAL_SPI_Init                           0x080017f8   Section        0  stm32f4xx_hal_spi.o(i.HAL_SPI_Init)
    i.HAL_SPI_MspInit                        0x08001878   Section        0  stm32f4xx_hal_msp.o(i.HAL_SPI_MspInit)
    i.HAL_SYSTICK_Config                     0x080018e0   Section        0  stm32f4xx_hal_cortex.o(i.HAL_SYSTICK_Config)
    i.HAL_UART_Init                          0x08001908   Section        0  stm32f4xx_hal_uart.o(i.HAL_UART_Init)
    i.HAL_UART_MspInit                       0x0800196c   Section        0  stm32f4xx_hal_msp.o(i.HAL_UART_MspInit)
    i.HAL_UART_Transmit                      0x080019d4   Section        0  stm32f4xx_hal_uart.o(i.HAL_UART_Transmit)
    i.HCD_HC_IN_IRQHandler                   0x08001a8e   Section        0  stm32f4xx_hal_hcd.o(i.HCD_HC_IN_IRQHandler)
    HCD_HC_IN_IRQHandler                     0x08001a8f   Thumb Code   556  stm32f4xx_hal_hcd.o(i.HCD_HC_IN_IRQHandler)
    i.HCD_HC_OUT_IRQHandler                  0x08001cba   Section        0  stm32f4xx_hal_hcd.o(i.HCD_HC_OUT_IRQHandler)
    HCD_HC_OUT_IRQHandler                    0x08001cbb   Thumb Code   580  stm32f4xx_hal_hcd.o(i.HCD_HC_OUT_IRQHandler)
    i.HCD_Port_IRQHandler                    0x08001efe   Section        0  stm32f4xx_hal_hcd.o(i.HCD_Port_IRQHandler)
    HCD_Port_IRQHandler                      0x08001eff   Thumb Code   184  stm32f4xx_hal_hcd.o(i.HCD_Port_IRQHandler)
    i.HCD_RXQLVL_IRQHandler                  0x08001fb8   Section        0  stm32f4xx_hal_hcd.o(i.HCD_RXQLVL_IRQHandler)
    HCD_RXQLVL_IRQHandler                    0x08001fb9   Thumb Code   108  stm32f4xx_hal_hcd.o(i.HCD_RXQLVL_IRQHandler)
    i.HardFault_Handler                      0x08002028   Section        0  stm32f4xx_it.o(i.HardFault_Handler)
    i.I2SEx_RxISR_I2SExt                     0x0800202c   Section        0  stm32f4xx_hal_i2s_ex.o(i.I2SEx_RxISR_I2SExt)
    I2SEx_RxISR_I2SExt                       0x0800202d   Thumb Code    88  stm32f4xx_hal_i2s_ex.o(i.I2SEx_RxISR_I2SExt)
    i.I2SEx_TxISR_I2SExt                     0x0800208c   Section        0  stm32f4xx_hal_i2s_ex.o(i.I2SEx_TxISR_I2SExt)
    I2SEx_TxISR_I2SExt                       0x0800208d   Thumb Code    88  stm32f4xx_hal_i2s_ex.o(i.I2SEx_TxISR_I2SExt)
    i.I2S_IRQHandler                         0x080020ec   Section        0  stm32f4xx_hal_i2s.o(i.I2S_IRQHandler)
    I2S_IRQHandler                           0x080020ed   Thumb Code   242  stm32f4xx_hal_i2s.o(i.I2S_IRQHandler)
    i.LED_Debug                              0x080021e0   Section        0  main.o(i.LED_Debug)
    i.MX_DriverVbusFS                        0x0800224c   Section        0  usbh_platform.o(i.MX_DriverVbusFS)
    i.MX_GPIO_Init                           0x08002260   Section        0  main.o(i.MX_GPIO_Init)
    MX_GPIO_Init                             0x08002261   Thumb Code   340  main.o(i.MX_GPIO_Init)
    i.MX_SPI1_Init                           0x080023d0   Section        0  main.o(i.MX_SPI1_Init)
    MX_SPI1_Init                             0x080023d1   Thumb Code    44  main.o(i.MX_SPI1_Init)
    i.MX_USB_HOST_Init                       0x08002404   Section        0  usb_host.o(i.MX_USB_HOST_Init)
    i.MX_USB_HOST_Process                    0x08002444   Section        0  usb_host.o(i.MX_USB_HOST_Process)
    i.MemManage_Handler                      0x08002450   Section        0  stm32f4xx_it.o(i.MemManage_Handler)
    i.NMI_Handler                            0x08002452   Section        0  stm32f4xx_it.o(i.NMI_Handler)
    i.OTG_FS_IRQHandler                      0x08002454   Section        0  stm32f4xx_it.o(i.OTG_FS_IRQHandler)
    i.PendSV_Handler                         0x08002460   Section        0  stm32f4xx_it.o(i.PendSV_Handler)
    i.Read_Button                            0x08002464   Section        0  main.o(i.Read_Button)
    i.SVC_Handler                            0x080024a0   Section        0  stm32f4xx_it.o(i.SVC_Handler)
    i.SysTick_Handler                        0x080024a2   Section        0  stm32f4xx_it.o(i.SysTick_Handler)
    i.SystemClock_Config                     0x080024a8   Section        0  main.o(i.SystemClock_Config)
    i.SystemInit                             0x08002544   Section        0  system_stm32f4xx.o(i.SystemInit)
    i.UART_SetConfig                         0x08002598   Section        0  stm32f4xx_hal_uart.o(i.UART_SetConfig)
    UART_SetConfig                           0x08002599   Thumb Code   676  stm32f4xx_hal_uart.o(i.UART_SetConfig)
    i.UART_WaitOnFlagUntilTimeout            0x08002844   Section        0  stm32f4xx_hal_uart.o(i.UART_WaitOnFlagUntilTimeout)
    UART_WaitOnFlagUntilTimeout              0x08002845   Thumb Code   100  stm32f4xx_hal_uart.o(i.UART_WaitOnFlagUntilTimeout)
    i.USBH_AllocPipe                         0x080028a8   Section        0  usbh_pipes.o(i.USBH_AllocPipe)
    i.USBH_BulkReceiveData                   0x080028dc   Section        0  usbh_ioreq.o(i.USBH_BulkReceiveData)
    i.USBH_BulkSendData                      0x080028fc   Section        0  usbh_ioreq.o(i.USBH_BulkSendData)
    i.USBH_CDC_ClassRequest                  0x08002924   Section        0  usbh_cdc.o(i.USBH_CDC_ClassRequest)
    USBH_CDC_ClassRequest                    0x08002925   Thumb Code    36  usbh_cdc.o(i.USBH_CDC_ClassRequest)
    i.USBH_CDC_InterfaceDeInit               0x08002948   Section        0  usbh_cdc.o(i.USBH_CDC_InterfaceDeInit)
    USBH_CDC_InterfaceDeInit                 0x08002949   Thumb Code    94  usbh_cdc.o(i.USBH_CDC_InterfaceDeInit)
    i.USBH_CDC_InterfaceInit                 0x080029a6   Section        0  usbh_cdc.o(i.USBH_CDC_InterfaceInit)
    USBH_CDC_InterfaceInit                   0x080029a7   Thumb Code   308  usbh_cdc.o(i.USBH_CDC_InterfaceInit)
    i.USBH_CDC_LineCodingChanged             0x08002ada   Section        0  usbh_cdc.o(i.USBH_CDC_LineCodingChanged)
    i.USBH_CDC_Process                       0x08002adc   Section        0  usbh_cdc.o(i.USBH_CDC_Process)
    USBH_CDC_Process                         0x08002add   Thumb Code   184  usbh_cdc.o(i.USBH_CDC_Process)
    i.USBH_CDC_ReceiveCallback               0x08002b94   Section        0  usbh_cdc.o(i.USBH_CDC_ReceiveCallback)
    i.USBH_CDC_SOFProcess                    0x08002b96   Section        0  usbh_cdc.o(i.USBH_CDC_SOFProcess)
    USBH_CDC_SOFProcess                      0x08002b97   Thumb Code     4  usbh_cdc.o(i.USBH_CDC_SOFProcess)
    i.USBH_CDC_TransmitCallback              0x08002b9a   Section        0  usbh_cdc.o(i.USBH_CDC_TransmitCallback)
    i.USBH_ClosePipe                         0x08002b9c   Section        0  usbh_pipes.o(i.USBH_ClosePipe)
    i.USBH_ClrFeature                        0x08002ba6   Section        0  usbh_ctlreq.o(i.USBH_ClrFeature)
    i.USBH_CtlReceiveData                    0x08002bc4   Section        0  usbh_ioreq.o(i.USBH_CtlReceiveData)
    i.USBH_CtlReq                            0x08002be2   Section        0  usbh_ctlreq.o(i.USBH_CtlReq)
    i.USBH_CtlSendData                       0x08002c1c   Section        0  usbh_ioreq.o(i.USBH_CtlSendData)
    i.USBH_CtlSendSetup                      0x08002c44   Section        0  usbh_ioreq.o(i.USBH_CtlSendSetup)
    i.USBH_Delay                             0x08002c62   Section        0  usbh_conf.o(i.USBH_Delay)
    i.USBH_FindInterface                     0x08002c68   Section        0  usbh_core.o(i.USBH_FindInterface)
    i.USBH_FreePipe                          0x08002cac   Section        0  usbh_pipes.o(i.USBH_FreePipe)
    i.USBH_GetDescriptor                     0x08002cc4   Section        0  usbh_ctlreq.o(i.USBH_GetDescriptor)
    i.USBH_GetNextDesc                       0x08002cf8   Section        0  usbh_ctlreq.o(i.USBH_GetNextDesc)
    i.USBH_Get_CfgDesc                       0x08002d06   Section        0  usbh_ctlreq.o(i.USBH_Get_CfgDesc)
    i.USBH_Get_DevDesc                       0x08002d32   Section        0  usbh_ctlreq.o(i.USBH_Get_DevDesc)
    i.USBH_Get_StringDesc                    0x08002dc2   Section        0  usbh_ctlreq.o(i.USBH_Get_StringDesc)
    i.USBH_Get_USB_Status                    0x08002e0a   Section        0  usbh_conf.o(i.USBH_Get_USB_Status)
    i.USBH_HandleControl                     0x08002e22   Section        0  usbh_ctlreq.o(i.USBH_HandleControl)
    USBH_HandleControl                       0x08002e23   Thumb Code   394  usbh_ctlreq.o(i.USBH_HandleControl)
    i.USBH_HandleEnum                        0x08002fac   Section        0  usbh_core.o(i.USBH_HandleEnum)
    USBH_HandleEnum                          0x08002fad   Thumb Code   242  usbh_core.o(i.USBH_HandleEnum)
    i.USBH_Init                              0x0800309e   Section        0  usbh_core.o(i.USBH_Init)
    i.USBH_LL_ClosePipe                      0x080030ce   Section        0  usbh_conf.o(i.USBH_LL_ClosePipe)
    i.USBH_LL_Connect                        0x080030e0   Section        0  usbh_core.o(i.USBH_LL_Connect)
    i.USBH_LL_Disconnect                     0x0800310a   Section        0  usbh_core.o(i.USBH_LL_Disconnect)
    i.USBH_LL_DriverVBUS                     0x08003142   Section        0  usbh_conf.o(i.USBH_LL_DriverVBUS)
    i.USBH_LL_GetLastXferSize                0x0800315c   Section        0  usbh_conf.o(i.USBH_LL_GetLastXferSize)
    i.USBH_LL_GetSpeed                       0x08003164   Section        0  usbh_conf.o(i.USBH_LL_GetSpeed)
    i.USBH_LL_GetURBState                    0x08003186   Section        0  usbh_conf.o(i.USBH_LL_GetURBState)
    i.USBH_LL_IncTimer                       0x0800318e   Section        0  usbh_core.o(i.USBH_LL_IncTimer)
    i.USBH_LL_Init                           0x080031ac   Section        0  usbh_conf.o(i.USBH_LL_Init)
    i.USBH_LL_OpenPipe                       0x080031fc   Section        0  usbh_conf.o(i.USBH_LL_OpenPipe)
    i.USBH_LL_PortDisabled                   0x08003218   Section        0  usbh_core.o(i.USBH_LL_PortDisabled)
    i.USBH_LL_PortEnabled                    0x08003220   Section        0  usbh_core.o(i.USBH_LL_PortEnabled)
    i.USBH_LL_ResetPort                      0x08003228   Section        0  usbh_conf.o(i.USBH_LL_ResetPort)
    i.USBH_LL_SetTimer                       0x0800323a   Section        0  usbh_core.o(i.USBH_LL_SetTimer)
    i.USBH_LL_SetToggle                      0x08003240   Section        0  usbh_conf.o(i.USBH_LL_SetToggle)
    i.USBH_LL_Start                          0x08003260   Section        0  usbh_conf.o(i.USBH_LL_Start)
    i.USBH_LL_Stop                           0x08003272   Section        0  usbh_conf.o(i.USBH_LL_Stop)
    i.USBH_LL_SubmitURB                      0x08003284   Section        0  usbh_conf.o(i.USBH_LL_SubmitURB)
    i.USBH_OpenPipe                          0x080032a6   Section        0  usbh_pipes.o(i.USBH_OpenPipe)
    i.USBH_ParseCfgDesc                      0x080032ba   Section        0  usbh_ctlreq.o(i.USBH_ParseCfgDesc)
    USBH_ParseCfgDesc                        0x080032bb   Thumb Code   220  usbh_ctlreq.o(i.USBH_ParseCfgDesc)
    i.USBH_Process                           0x08003396   Section        0  usbh_core.o(i.USBH_Process)
    i.USBH_RegisterClass                     0x08003536   Section        0  usbh_core.o(i.USBH_RegisterClass)
    i.USBH_SelectInterface                   0x08003552   Section        0  usbh_core.o(i.USBH_SelectInterface)
    i.USBH_SetAddress                        0x08003568   Section        0  usbh_ctlreq.o(i.USBH_SetAddress)
    i.USBH_SetCfg                            0x08003584   Section        0  usbh_ctlreq.o(i.USBH_SetCfg)
    i.USBH_SetFeature                        0x080035a0   Section        0  usbh_ctlreq.o(i.USBH_SetFeature)
    i.USBH_Start                             0x080035bc   Section        0  usbh_core.o(i.USBH_Start)
    i.USBH_UserProcess                       0x080035d0   Section        0  usb_host.o(i.USBH_UserProcess)
    USBH_UserProcess                         0x080035d1   Thumb Code    28  usb_host.o(i.USBH_UserProcess)
    i.USB_CoreInit                           0x080035f0   Section        0  stm32f4xx_ll_usb.o(i.USB_CoreInit)
    i.USB_CoreReset                          0x08003664   Section        0  stm32f4xx_ll_usb.o(i.USB_CoreReset)
    USB_CoreReset                            0x08003665   Thumb Code    50  stm32f4xx_ll_usb.o(i.USB_CoreReset)
    i.USB_DisableGlobalInt                   0x0800369c   Section        0  stm32f4xx_ll_usb.o(i.USB_DisableGlobalInt)
    i.USB_DoPing                             0x080036a8   Section        0  stm32f4xx_ll_usb.o(i.USB_DoPing)
    i.USB_DriveVbus                          0x080036cc   Section        0  stm32f4xx_ll_usb.o(i.USB_DriveVbus)
    i.USB_EnableGlobalInt                    0x080036f8   Section        0  stm32f4xx_ll_usb.o(i.USB_EnableGlobalInt)
    i.USB_FlushRxFifo                        0x08003704   Section        0  stm32f4xx_ll_usb.o(i.USB_FlushRxFifo)
    i.USB_FlushTxFifo                        0x08003724   Section        0  stm32f4xx_ll_usb.o(i.USB_FlushTxFifo)
    i.USB_GetCurrentFrame                    0x08003748   Section        0  stm32f4xx_ll_usb.o(i.USB_GetCurrentFrame)
    i.USB_GetHostSpeed                       0x08003750   Section        0  stm32f4xx_ll_usb.o(i.USB_GetHostSpeed)
    i.USB_GetMode                            0x0800375e   Section        0  stm32f4xx_ll_usb.o(i.USB_GetMode)
    i.USB_HC_Halt                            0x08003766   Section        0  stm32f4xx_ll_usb.o(i.USB_HC_Halt)
    i.USB_HC_Init                            0x08003828   Section        0  stm32f4xx_ll_usb.o(i.USB_HC_Init)
    i.USB_HC_ReadInterrupt                   0x08003918   Section        0  stm32f4xx_ll_usb.o(i.USB_HC_ReadInterrupt)
    i.USB_HC_StartXfer                       0x08003920   Section        0  stm32f4xx_ll_usb.o(i.USB_HC_StartXfer)
    i.USB_HostInit                           0x08003a70   Section        0  stm32f4xx_ll_usb.o(i.USB_HostInit)
    i.USB_InitFSLSPClkSel                    0x08003b48   Section        0  stm32f4xx_ll_usb.o(i.USB_InitFSLSPClkSel)
    i.USB_ReadInterrupts                     0x08003b7e   Section        0  stm32f4xx_ll_usb.o(i.USB_ReadInterrupts)
    i.USB_ReadPacket                         0x08003b86   Section        0  stm32f4xx_ll_usb.o(i.USB_ReadPacket)
    i.USB_ResetPort                          0x08003ba2   Section        0  stm32f4xx_ll_usb.o(i.USB_ResetPort)
    i.USB_SetCurrentMode                     0x08003bd4   Section        0  stm32f4xx_ll_usb.o(i.USB_SetCurrentMode)
    i.USB_StopHost                           0x08003c04   Section        0  stm32f4xx_ll_usb.o(i.USB_StopHost)
    i.USB_WritePacket                        0x08003c82   Section        0  stm32f4xx_ll_usb.o(i.USB_WritePacket)
    i.UsageFault_Handler                     0x08003ca6   Section        0  stm32f4xx_it.o(i.UsageFault_Handler)
    i.__NVIC_SetPriority                     0x08003ca8   Section        0  stm32f4xx_hal_cortex.o(i.__NVIC_SetPriority)
    __NVIC_SetPriority                       0x08003ca9   Thumb Code    32  stm32f4xx_hal_cortex.o(i.__NVIC_SetPriority)
    i.__scatterload_copy                     0x08003cc8   Section       14  handlers.o(i.__scatterload_copy)
    i.__scatterload_null                     0x08003cd6   Section        2  handlers.o(i.__scatterload_null)
    i.__scatterload_zeroinit                 0x08003cd8   Section       14  handlers.o(i.__scatterload_zeroinit)
    i.free                                   0x08003ce8   Section        0  malloc.o(i.free)
    i.main                                   0x08003d38   Section        0  main.o(i.main)
    i.malloc                                 0x08003e20   Section        0  malloc.o(i.malloc)
    .constdata                               0x08003e8c   Section       16  system_stm32f4xx.o(.constdata)
    .constdata                               0x08003e9c   Section        8  system_stm32f4xx.o(.constdata)
    .conststring                             0x08003ea4   Section        4  usbh_cdc.o(.conststring)
    .data                                    0x20000000   Section        1  usb_host.o(.data)
    .data                                    0x20000004   Section        4  stm32f4xx_ll_usb.o(.data)
    tmpreg                                   0x20000004   Data           4  stm32f4xx_ll_usb.o(.data)
    .data                                    0x20000008   Section       12  stm32f4xx_hal.o(.data)
    .data                                    0x20000014   Section        4  system_stm32f4xx.o(.data)
    .data                                    0x20000018   Section       32  usbh_cdc.o(.data)
    .data                                    0x20000038   Section        4  mvars.o(.data)
    .data                                    0x2000003c   Section        4  mvars.o(.data)
    .bss                                     0x20000040   Section      308  main.o(.bss)
    .bss                                     0x20000174   Section      972  usb_host.o(.bss)
    .bss                                     0x20000540   Section      708  usbh_conf.o(.bss)
    HEAP                                     0x20000808   Section      512  startup_stm32f407xx.o(HEAP)
    STACK                                    0x20000a08   Section     1024  startup_stm32f407xx.o(STACK)

    Global Symbols

    Symbol Name                              Value     Ov Type        Size  Object(Section)

    BuildAttributes$$THM_ISAv4$E$P$D$K$B$S$7EM$VFPi3$EXTD16$VFPS$VFMA$PE$A:L22UL41UL21$X:L11$S22US41US21$IEEE1$IW$USESV6$~STKCKD$USESV7$~SHL$OSPACE$EBA8$MICROLIB$REQ8$PRES8$EABIv2 0x00000000   Number         0  anon$$obj.o ABSOLUTE
    __ARM_use_no_argv                        0x00000000   Number         0  main.o ABSOLUTE
    __cpp_initialize__aeabi_                  - Undefined Weak Reference
    __cxa_finalize                            - Undefined Weak Reference
    __decompress                              - Undefined Weak Reference
    _clock_init                               - Undefined Weak Reference
    _microlib_exit                            - Undefined Weak Reference
    __Vectors_Size                           0x00000188   Number         0  startup_stm32f407xx.o ABSOLUTE
    __Vectors                                0x08000000   Data           4  startup_stm32f407xx.o(RESET)
    __Vectors_End                            0x08000188   Data           0  startup_stm32f407xx.o(RESET)
    __main                                   0x08000189   Thumb Code     0  entry.o(.ARM.Collect$$$$00000000)
    _main_stk                                0x08000189   Thumb Code     0  entry2.o(.ARM.Collect$$$$00000001)
    _main_scatterload                        0x0800018d   Thumb Code     0  entry5.o(.ARM.Collect$$$$00000004)
    __main_after_scatterload                 0x08000191   Thumb Code     0  entry5.o(.ARM.Collect$$$$00000004)
    _main_clock                              0x08000191   Thumb Code     0  entry7b.o(.ARM.Collect$$$$00000008)
    _main_cpp_init                           0x08000191   Thumb Code     0  entry8b.o(.ARM.Collect$$$$0000000A)
    _main_init                               0x08000191   Thumb Code     0  entry9a.o(.ARM.Collect$$$$0000000B)
    __rt_final_cpp                           0x08000199   Thumb Code     0  entry10a.o(.ARM.Collect$$$$0000000D)
    __rt_final_exit                          0x08000199   Thumb Code     0  entry11a.o(.ARM.Collect$$$$0000000F)
    Reset_Handler                            0x0800019d   Thumb Code     8  startup_stm32f407xx.o(.text)
    ADC_IRQHandler                           0x080001b7   Thumb Code     0  startup_stm32f407xx.o(.text)
    CAN1_RX0_IRQHandler                      0x080001b7   Thumb Code     0  startup_stm32f407xx.o(.text)
    CAN1_RX1_IRQHandler                      0x080001b7   Thumb Code     0  startup_stm32f407xx.o(.text)
    CAN1_SCE_IRQHandler                      0x080001b7   Thumb Code     0  startup_stm32f407xx.o(.text)
    CAN1_TX_IRQHandler                       0x080001b7   Thumb Code     0  startup_stm32f407xx.o(.text)
    CAN2_RX0_IRQHandler                      0x080001b7   Thumb Code     0  startup_stm32f407xx.o(.text)
    CAN2_RX1_IRQHandler                      0x080001b7   Thumb Code     0  startup_stm32f407xx.o(.text)
    CAN2_SCE_IRQHandler                      0x080001b7   Thumb Code     0  startup_stm32f407xx.o(.text)
    CAN2_TX_IRQHandler                       0x080001b7   Thumb Code     0  startup_stm32f407xx.o(.text)
    DCMI_IRQHandler                          0x080001b7   Thumb Code     0  startup_stm32f407xx.o(.text)
    DMA1_Stream0_IRQHandler                  0x080001b7   Thumb Code     0  startup_stm32f407xx.o(.text)
    DMA1_Stream1_IRQHandler                  0x080001b7   Thumb Code     0  startup_stm32f407xx.o(.text)
    DMA1_Stream2_IRQHandler                  0x080001b7   Thumb Code     0  startup_stm32f407xx.o(.text)
    DMA1_Stream3_IRQHandler                  0x080001b7   Thumb Code     0  startup_stm32f407xx.o(.text)
    DMA1_Stream4_IRQHandler                  0x080001b7   Thumb Code     0  startup_stm32f407xx.o(.text)
    DMA1_Stream5_IRQHandler                  0x080001b7   Thumb Code     0  startup_stm32f407xx.o(.text)
    DMA1_Stream6_IRQHandler                  0x080001b7   Thumb Code     0  startup_stm32f407xx.o(.text)
    DMA1_Stream7_IRQHandler                  0x080001b7   Thumb Code     0  startup_stm32f407xx.o(.text)
    DMA2_Stream0_IRQHandler                  0x080001b7   Thumb Code     0  startup_stm32f407xx.o(.text)
    DMA2_Stream1_IRQHandler                  0x080001b7   Thumb Code     0  startup_stm32f407xx.o(.text)
    DMA2_Stream2_IRQHandler                  0x080001b7   Thumb Code     0  startup_stm32f407xx.o(.text)
    DMA2_Stream3_IRQHandler                  0x080001b7   Thumb Code     0  startup_stm32f407xx.o(.text)
    DMA2_Stream4_IRQHandler                  0x080001b7   Thumb Code     0  startup_stm32f407xx.o(.text)
    DMA2_Stream5_IRQHandler                  0x080001b7   Thumb Code     0  startup_stm32f407xx.o(.text)
    DMA2_Stream6_IRQHandler                  0x080001b7   Thumb Code     0  startup_stm32f407xx.o(.text)
    DMA2_Stream7_IRQHandler                  0x080001b7   Thumb Code     0  startup_stm32f407xx.o(.text)
    ETH_IRQHandler                           0x080001b7   Thumb Code     0  startup_stm32f407xx.o(.text)
    ETH_WKUP_IRQHandler                      0x080001b7   Thumb Code     0  startup_stm32f407xx.o(.text)
    EXTI0_IRQHandler                         0x080001b7   Thumb Code     0  startup_stm32f407xx.o(.text)
    EXTI15_10_IRQHandler                     0x080001b7   Thumb Code     0  startup_stm32f407xx.o(.text)
    EXTI1_IRQHandler                         0x080001b7   Thumb Code     0  startup_stm32f407xx.o(.text)
    EXTI2_IRQHandler                         0x080001b7   Thumb Code     0  startup_stm32f407xx.o(.text)
    EXTI3_IRQHandler                         0x080001b7   Thumb Code     0  startup_stm32f407xx.o(.text)
    EXTI4_IRQHandler                         0x080001b7   Thumb Code     0  startup_stm32f407xx.o(.text)
    EXTI9_5_IRQHandler                       0x080001b7   Thumb Code     0  startup_stm32f407xx.o(.text)
    FLASH_IRQHandler                         0x080001b7   Thumb Code     0  startup_stm32f407xx.o(.text)
    FMC_IRQHandler                           0x080001b7   Thumb Code     0  startup_stm32f407xx.o(.text)
    FPU_IRQHandler                           0x080001b7   Thumb Code     0  startup_stm32f407xx.o(.text)
    HASH_RNG_IRQHandler                      0x080001b7   Thumb Code     0  startup_stm32f407xx.o(.text)
    I2C1_ER_IRQHandler                       0x080001b7   Thumb Code     0  startup_stm32f407xx.o(.text)
    I2C1_EV_IRQHandler                       0x080001b7   Thumb Code     0  startup_stm32f407xx.o(.text)
    I2C2_ER_IRQHandler                       0x080001b7   Thumb Code     0  startup_stm32f407xx.o(.text)
    I2C2_EV_IRQHandler                       0x080001b7   Thumb Code     0  startup_stm32f407xx.o(.text)
    I2C3_ER_IRQHandler                       0x080001b7   Thumb Code     0  startup_stm32f407xx.o(.text)
    I2C3_EV_IRQHandler                       0x080001b7   Thumb Code     0  startup_stm32f407xx.o(.text)
    OTG_FS_WKUP_IRQHandler                   0x080001b7   Thumb Code     0  startup_stm32f407xx.o(.text)
    OTG_HS_EP1_IN_IRQHandler                 0x080001b7   Thumb Code     0  startup_stm32f407xx.o(.text)
    OTG_HS_EP1_OUT_IRQHandler                0x080001b7   Thumb Code     0  startup_stm32f407xx.o(.text)
    OTG_HS_IRQHandler                        0x080001b7   Thumb Code     0  startup_stm32f407xx.o(.text)
    OTG_HS_WKUP_IRQHandler                   0x080001b7   Thumb Code     0  startup_stm32f407xx.o(.text)
    PVD_IRQHandler                           0x080001b7   Thumb Code     0  startup_stm32f407xx.o(.text)
    RCC_IRQHandler                           0x080001b7   Thumb Code     0  startup_stm32f407xx.o(.text)
    RTC_Alarm_IRQHandler                     0x080001b7   Thumb Code     0  startup_stm32f407xx.o(.text)
    RTC_WKUP_IRQHandler                      0x080001b7   Thumb Code     0  startup_stm32f407xx.o(.text)
    SDIO_IRQHandler                          0x080001b7   Thumb Code     0  startup_stm32f407xx.o(.text)
    SPI1_IRQHandler                          0x080001b7   Thumb Code     0  startup_stm32f407xx.o(.text)
    SPI2_IRQHandler                          0x080001b7   Thumb Code     0  startup_stm32f407xx.o(.text)
    SPI3_IRQHandler                          0x080001b7   Thumb Code     0  startup_stm32f407xx.o(.text)
    TAMP_STAMP_IRQHandler                    0x080001b7   Thumb Code     0  startup_stm32f407xx.o(.text)
    TIM1_BRK_TIM9_IRQHandler                 0x080001b7   Thumb Code     0  startup_stm32f407xx.o(.text)
    TIM1_CC_IRQHandler                       0x080001b7   Thumb Code     0  startup_stm32f407xx.o(.text)
    TIM1_TRG_COM_TIM11_IRQHandler            0x080001b7   Thumb Code     0  startup_stm32f407xx.o(.text)
    TIM1_UP_TIM10_IRQHandler                 0x080001b7   Thumb Code     0  startup_stm32f407xx.o(.text)
    TIM2_IRQHandler                          0x080001b7   Thumb Code     0  startup_stm32f407xx.o(.text)
    TIM3_IRQHandler                          0x080001b7   Thumb Code     0  startup_stm32f407xx.o(.text)
    TIM4_IRQHandler                          0x080001b7   Thumb Code     0  startup_stm32f407xx.o(.text)
    TIM5_IRQHandler                          0x080001b7   Thumb Code     0  startup_stm32f407xx.o(.text)
    TIM6_DAC_IRQHandler                      0x080001b7   Thumb Code     0  startup_stm32f407xx.o(.text)
    TIM7_IRQHandler                          0x080001b7   Thumb Code     0  startup_stm32f407xx.o(.text)
    TIM8_BRK_TIM12_IRQHandler                0x080001b7   Thumb Code     0  startup_stm32f407xx.o(.text)
    TIM8_CC_IRQHandler                       0x080001b7   Thumb Code     0  startup_stm32f407xx.o(.text)
    TIM8_TRG_COM_TIM14_IRQHandler            0x080001b7   Thumb Code     0  startup_stm32f407xx.o(.text)
    TIM8_UP_TIM13_IRQHandler                 0x080001b7   Thumb Code     0  startup_stm32f407xx.o(.text)
    UART4_IRQHandler                         0x080001b7   Thumb Code     0  startup_stm32f407xx.o(.text)
    UART5_IRQHandler                         0x080001b7   Thumb Code     0  startup_stm32f407xx.o(.text)
    USART1_IRQHandler                        0x080001b7   Thumb Code     0  startup_stm32f407xx.o(.text)
    USART2_IRQHandler                        0x080001b7   Thumb Code     0  startup_stm32f407xx.o(.text)
    USART3_IRQHandler                        0x080001b7   Thumb Code     0  startup_stm32f407xx.o(.text)
    USART6_IRQHandler                        0x080001b7   Thumb Code     0  startup_stm32f407xx.o(.text)
    WWDG_IRQHandler                          0x080001b7   Thumb Code     0  startup_stm32f407xx.o(.text)
    __aeabi_uldivmod                         0x080001c1   Thumb Code    98  uldiv.o(.text)
    __aeabi_memcpy                           0x08000223   Thumb Code    36  memcpya.o(.text)
    __aeabi_memcpy4                          0x08000223   Thumb Code     0  memcpya.o(.text)
    __aeabi_memcpy8                          0x08000223   Thumb Code     0  memcpya.o(.text)
    __aeabi_memset                           0x08000247   Thumb Code    14  memseta.o(.text)
    __aeabi_memset4                          0x08000247   Thumb Code     0  memseta.o(.text)
    __aeabi_memset8                          0x08000247   Thumb Code     0  memseta.o(.text)
    __aeabi_memclr                           0x08000255   Thumb Code     4  memseta.o(.text)
    __aeabi_memclr4                          0x08000255   Thumb Code     0  memseta.o(.text)
    __aeabi_memclr8                          0x08000255   Thumb Code     0  memseta.o(.text)
    _memset$wrapper                          0x08000259   Thumb Code    18  memseta.o(.text)
    __aeabi_llsl                             0x0800026b   Thumb Code    30  llshl.o(.text)
    _ll_shift_l                              0x0800026b   Thumb Code     0  llshl.o(.text)
    __aeabi_llsr                             0x08000289   Thumb Code    32  llushr.o(.text)
    _ll_ushift_r                             0x08000289   Thumb Code     0  llushr.o(.text)
    __scatterload                            0x080002a9   Thumb Code    28  init.o(.text)
    __scatterload_rt2                        0x080002a9   Thumb Code     0  init.o(.text)
    BusFault_Handler                         0x080002cd   Thumb Code     2  stm32f4xx_it.o(i.BusFault_Handler)
    Button_Init                              0x080002cf   Thumb Code    16  main.o(i.Button_Init)
    Buttons_Init                             0x080002e1   Thumb Code    54  main.o(i.Buttons_Init)
    DebugMon_Handler                         0x08000441   Thumb Code     2  stm32f4xx_it.o(i.DebugMon_Handler)
    Encode_Radio_Packet                      0x08000443   Thumb Code     8  main.o(i.Encode_Radio_Packet)
    Error_Handler                            0x0800044b   Thumb Code     2  main.o(i.Error_Handler)
    HAL_Delay                                0x08000465   Thumb Code    32  stm32f4xx_hal.o(i.HAL_Delay)
    HAL_GPIO_Init                            0x08000489   Thumb Code   388  stm32f4xx_hal_gpio.o(i.HAL_GPIO_Init)
    HAL_GPIO_ReadPin                         0x08000639   Thumb Code    10  stm32f4xx_hal_gpio.o(i.HAL_GPIO_ReadPin)
    HAL_GPIO_WritePin                        0x08000643   Thumb Code    10  stm32f4xx_hal_gpio.o(i.HAL_GPIO_WritePin)
    HAL_GetTick                              0x0800064d   Thumb Code     6  stm32f4xx_hal.o(i.HAL_GetTick)
    HAL_HCD_Connect_Callback                 0x08000659   Thumb Code     8  usbh_conf.o(i.HAL_HCD_Connect_Callback)
    HAL_HCD_Disconnect_Callback              0x08000661   Thumb Code     8  usbh_conf.o(i.HAL_HCD_Disconnect_Callback)
    HAL_HCD_GetCurrentFrame                  0x08000669   Thumb Code     6  stm32f4xx_hal_hcd.o(i.HAL_HCD_GetCurrentFrame)
    HAL_HCD_GetCurrentSpeed                  0x0800066f   Thumb Code     6  stm32f4xx_hal_hcd.o(i.HAL_HCD_GetCurrentSpeed)
    HAL_HCD_HC_GetURBState                   0x08000675   Thumb Code    14  stm32f4xx_hal_hcd.o(i.HAL_HCD_HC_GetURBState)
    HAL_HCD_HC_GetXferCount                  0x08000683   Thumb Code    12  stm32f4xx_hal_hcd.o(i.HAL_HCD_HC_GetXferCount)
    HAL_HCD_HC_Halt                          0x0800068f   Thumb Code    36  stm32f4xx_hal_hcd.o(i.HAL_HCD_HC_Halt)
    HAL_HCD_HC_Init                          0x080006b3   Thumb Code   114  stm32f4xx_hal_hcd.o(i.HAL_HCD_HC_Init)
    HAL_HCD_HC_NotifyURBChange_Callback      0x08000725   Thumb Code     2  usbh_conf.o(i.HAL_HCD_HC_NotifyURBChange_Callback)
    HAL_HCD_HC_SubmitRequest                 0x08000727   Thumb Code   142  stm32f4xx_hal_hcd.o(i.HAL_HCD_HC_SubmitRequest)
    HAL_HCD_IRQHandler                       0x080007b5   Thumb Code   306  stm32f4xx_hal_hcd.o(i.HAL_HCD_IRQHandler)
    HAL_HCD_Init                             0x080008e7   Thumb Code   114  stm32f4xx_hal_hcd.o(i.HAL_HCD_Init)
    HAL_HCD_MspInit                          0x08000959   Thumb Code   140  usbh_conf.o(i.HAL_HCD_MspInit)
    HAL_HCD_PortDisabled_Callback            0x080009ed   Thumb Code     8  usbh_conf.o(i.HAL_HCD_PortDisabled_Callback)
    HAL_HCD_PortEnabled_Callback             0x080009f5   Thumb Code     8  usbh_conf.o(i.HAL_HCD_PortEnabled_Callback)
    HAL_HCD_ResetPort                        0x080009fd   Thumb Code     6  stm32f4xx_hal_hcd.o(i.HAL_HCD_ResetPort)
    HAL_HCD_SOF_Callback                     0x08000a03   Thumb Code     8  usbh_conf.o(i.HAL_HCD_SOF_Callback)
    HAL_HCD_Start                            0x08000a0b   Thumb Code    44  stm32f4xx_hal_hcd.o(i.HAL_HCD_Start)
    HAL_HCD_Stop                             0x08000a37   Thumb Code    36  stm32f4xx_hal_hcd.o(i.HAL_HCD_Stop)
    HAL_I2C_Init                             0x08000a5d   Thumb Code   356  stm32f4xx_hal_i2c.o(i.HAL_I2C_Init)
    HAL_I2C_MspInit                          0x08000bd1   Thumb Code    94  stm32f4xx_hal_msp.o(i.HAL_I2C_MspInit)
    HAL_I2SEx_FullDuplex_IRQHandler          0x08000c3d   Thumb Code   492  stm32f4xx_hal_i2s_ex.o(i.HAL_I2SEx_FullDuplex_IRQHandler)
    HAL_I2SEx_TxRxCpltCallback               0x08000e31   Thumb Code     2  stm32f4xx_hal_i2s_ex.o(i.HAL_I2SEx_TxRxCpltCallback)
    HAL_I2S_ErrorCallback                    0x08000e33   Thumb Code     2  stm32f4xx_hal_i2s.o(i.HAL_I2S_ErrorCallback)
    HAL_I2S_Init                             0x08000e35   Thumb Code   354  stm32f4xx_hal_i2s.o(i.HAL_I2S_Init)
    HAL_I2S_MspInit                          0x08000fa9   Thumb Code   128  stm32f4xx_hal_msp.o(i.HAL_I2S_MspInit)
    HAL_I2S_RxCpltCallback                   0x08001039   Thumb Code     2  stm32f4xx_hal_i2s.o(i.HAL_I2S_RxCpltCallback)
    HAL_I2S_TxCpltCallback                   0x0800103b   Thumb Code     2  stm32f4xx_hal_i2s.o(i.HAL_I2S_TxCpltCallback)
    HAL_IncTick                              0x0800103d   Thumb Code    12  stm32f4xx_hal.o(i.HAL_IncTick)
    HAL_Init                                 0x0800104d   Thumb Code    48  stm32f4xx_hal.o(i.HAL_Init)
    HAL_InitTick                             0x08001081   Thumb Code    54  stm32f4xx_hal.o(i.HAL_InitTick)
    HAL_MspInit                              0x080010c1   Thumb Code    48  stm32f4xx_hal_msp.o(i.HAL_MspInit)
    HAL_NVIC_EnableIRQ                       0x080010f5   Thumb Code    26  stm32f4xx_hal_cortex.o(i.HAL_NVIC_EnableIRQ)
    HAL_NVIC_SetPriority                     0x08001111   Thumb Code    60  stm32f4xx_hal_cortex.o(i.HAL_NVIC_SetPriority)
    HAL_NVIC_SetPriorityGrouping             0x08001151   Thumb Code    26  stm32f4xx_hal_cortex.o(i.HAL_NVIC_SetPriorityGrouping)
    HAL_RCCEx_GetPeriphCLKFreq               0x08001175   Thumb Code    76  stm32f4xx_hal_rcc_ex.o(i.HAL_RCCEx_GetPeriphCLKFreq)
    HAL_RCCEx_PeriphCLKConfig                0x080011d1   Thumb Code   296  stm32f4xx_hal_rcc_ex.o(i.HAL_RCCEx_PeriphCLKConfig)
    HAL_RCC_ClockConfig                      0x0800130d   Thumb Code   286  stm32f4xx_hal_rcc.o(i.HAL_RCC_ClockConfig)
    HAL_RCC_GetPCLK1Freq                     0x0800143d   Thumb Code    20  stm32f4xx_hal_rcc.o(i.HAL_RCC_GetPCLK1Freq)
    HAL_RCC_GetPCLK2Freq                     0x0800145d   Thumb Code    20  stm32f4xx_hal_rcc.o(i.HAL_RCC_GetPCLK2Freq)
    HAL_RCC_GetSysClockFreq                  0x0800147d   Thumb Code    88  stm32f4xx_hal_rcc.o(i.HAL_RCC_GetSysClockFreq)
    HAL_RCC_OscConfig                        0x080014dd   Thumb Code   770  stm32f4xx_hal_rcc.o(i.HAL_RCC_OscConfig)
    HAL_SPI_Init                             0x080017f9   Thumb Code   128  stm32f4xx_hal_spi.o(i.HAL_SPI_Init)
    HAL_SPI_MspInit                          0x08001879   Thumb Code    90  stm32f4xx_hal_msp.o(i.HAL_SPI_MspInit)
    HAL_SYSTICK_Config                       0x080018e1   Thumb Code    40  stm32f4xx_hal_cortex.o(i.HAL_SYSTICK_Config)
    HAL_UART_Init                            0x08001909   Thumb Code    98  stm32f4xx_hal_uart.o(i.HAL_UART_Init)
    HAL_UART_MspInit                         0x0800196d   Thumb Code    92  stm32f4xx_hal_msp.o(i.HAL_UART_MspInit)
    HAL_UART_Transmit                        0x080019d5   Thumb Code   186  stm32f4xx_hal_uart.o(i.HAL_UART_Transmit)
    HardFault_Handler                        0x08002029   Thumb Code     2  stm32f4xx_it.o(i.HardFault_Handler)
    LED_Debug                                0x080021e1   Thumb Code   104  main.o(i.LED_Debug)
    MX_DriverVbusFS                          0x0800224d   Thumb Code    16  usbh_platform.o(i.MX_DriverVbusFS)
    MX_USB_HOST_Init                         0x08002405   Thumb Code    52  usb_host.o(i.MX_USB_HOST_Init)
    MX_USB_HOST_Process                      0x08002445   Thumb Code     6  usb_host.o(i.MX_USB_HOST_Process)
    MemManage_Handler                        0x08002451   Thumb Code     2  stm32f4xx_it.o(i.MemManage_Handler)
    NMI_Handler                              0x08002453   Thumb Code     2  stm32f4xx_it.o(i.NMI_Handler)
    OTG_FS_IRQHandler                        0x08002455   Thumb Code     6  stm32f4xx_it.o(i.OTG_FS_IRQHandler)
    PendSV_Handler                           0x08002461   Thumb Code     2  stm32f4xx_it.o(i.PendSV_Handler)
    Read_Button                              0x08002465   Thumb Code    60  main.o(i.Read_Button)
    SVC_Handler                              0x080024a1   Thumb Code     2  stm32f4xx_it.o(i.SVC_Handler)
    SysTick_Handler                          0x080024a3   Thumb Code     4  stm32f4xx_it.o(i.SysTick_Handler)
    SystemClock_Config                       0x080024a9   Thumb Code   148  main.o(i.SystemClock_Config)
    SystemInit                               0x08002545   Thumb Code    66  system_stm32f4xx.o(i.SystemInit)
    USBH_AllocPipe                           0x080028a9   Thumb Code    52  usbh_pipes.o(i.USBH_AllocPipe)
    USBH_BulkReceiveData                     0x080028dd   Thumb Code    32  usbh_ioreq.o(i.USBH_BulkReceiveData)
    USBH_BulkSendData                        0x080028fd   Thumb Code    40  usbh_ioreq.o(i.USBH_BulkSendData)
    USBH_CDC_LineCodingChanged               0x08002adb   Thumb Code     2  usbh_cdc.o(i.USBH_CDC_LineCodingChanged)
    USBH_CDC_ReceiveCallback                 0x08002b95   Thumb Code     2  usbh_cdc.o(i.USBH_CDC_ReceiveCallback)
    USBH_CDC_TransmitCallback                0x08002b9b   Thumb Code     2  usbh_cdc.o(i.USBH_CDC_TransmitCallback)
    USBH_ClosePipe                           0x08002b9d   Thumb Code    10  usbh_pipes.o(i.USBH_ClosePipe)
    USBH_ClrFeature                          0x08002ba7   Thumb Code    30  usbh_ctlreq.o(i.USBH_ClrFeature)
    USBH_CtlReceiveData                      0x08002bc5   Thumb Code    30  usbh_ioreq.o(i.USBH_CtlReceiveData)
    USBH_CtlReq                              0x08002be3   Thumb Code    58  usbh_ctlreq.o(i.USBH_CtlReq)
    USBH_CtlSendData                         0x08002c1d   Thumb Code    40  usbh_ioreq.o(i.USBH_CtlSendData)
    USBH_CtlSendSetup                        0x08002c45   Thumb Code    30  usbh_ioreq.o(i.USBH_CtlSendSetup)
    USBH_Delay                               0x08002c63   Thumb Code     4  usbh_conf.o(i.USBH_Delay)
    USBH_FindInterface                       0x08002c69   Thumb Code    68  usbh_core.o(i.USBH_FindInterface)
    USBH_FreePipe                            0x08002cad   Thumb Code    24  usbh_pipes.o(i.USBH_FreePipe)
    USBH_GetDescriptor                       0x08002cc5   Thumb Code    52  usbh_ctlreq.o(i.USBH_GetDescriptor)
    USBH_GetNextDesc                         0x08002cf9   Thumb Code    14  usbh_ctlreq.o(i.USBH_GetNextDesc)
    USBH_Get_CfgDesc                         0x08002d07   Thumb Code    44  usbh_ctlreq.o(i.USBH_Get_CfgDesc)
    USBH_Get_DevDesc                         0x08002d33   Thumb Code   144  usbh_ctlreq.o(i.USBH_Get_DevDesc)
    USBH_Get_StringDesc                      0x08002dc3   Thumb Code    72  usbh_ctlreq.o(i.USBH_Get_StringDesc)
    USBH_Get_USB_Status                      0x08002e0b   Thumb Code    24  usbh_conf.o(i.USBH_Get_USB_Status)
    USBH_Init                                0x0800309f   Thumb Code    48  usbh_core.o(i.USBH_Init)
    USBH_LL_ClosePipe                        0x080030cf   Thumb Code    18  usbh_conf.o(i.USBH_LL_ClosePipe)
    USBH_LL_Connect                          0x080030e1   Thumb Code    42  usbh_core.o(i.USBH_LL_Connect)
    USBH_LL_Disconnect                       0x0800310b   Thumb Code    56  usbh_core.o(i.USBH_LL_Disconnect)
    USBH_LL_DriverVBUS                       0x08003143   Thumb Code    26  usbh_conf.o(i.USBH_LL_DriverVBUS)
    USBH_LL_GetLastXferSize                  0x0800315d   Thumb Code     8  usbh_conf.o(i.USBH_LL_GetLastXferSize)
    USBH_LL_GetSpeed                         0x08003165   Thumb Code    34  usbh_conf.o(i.USBH_LL_GetSpeed)
    USBH_LL_GetURBState                      0x08003187   Thumb Code     8  usbh_conf.o(i.USBH_LL_GetURBState)
    USBH_LL_IncTimer                         0x0800318f   Thumb Code    30  usbh_core.o(i.USBH_LL_IncTimer)
    USBH_LL_Init                             0x080031ad   Thumb Code    74  usbh_conf.o(i.USBH_LL_Init)
    USBH_LL_OpenPipe                         0x080031fd   Thumb Code    28  usbh_conf.o(i.USBH_LL_OpenPipe)
    USBH_LL_PortDisabled                     0x08003219   Thumb Code     8  usbh_core.o(i.USBH_LL_PortDisabled)
    USBH_LL_PortEnabled                      0x08003221   Thumb Code     8  usbh_core.o(i.USBH_LL_PortEnabled)
    USBH_LL_ResetPort                        0x08003229   Thumb Code    18  usbh_conf.o(i.USBH_LL_ResetPort)
    USBH_LL_SetTimer                         0x0800323b   Thumb Code     6  usbh_core.o(i.USBH_LL_SetTimer)
    USBH_LL_SetToggle                        0x08003241   Thumb Code    32  usbh_conf.o(i.USBH_LL_SetToggle)
    USBH_LL_Start                            0x08003261   Thumb Code    18  usbh_conf.o(i.USBH_LL_Start)
    USBH_LL_Stop                             0x08003273   Thumb Code    18  usbh_conf.o(i.USBH_LL_Stop)
    USBH_LL_SubmitURB                        0x08003285   Thumb Code    34  usbh_conf.o(i.USBH_LL_SubmitURB)
    USBH_OpenPipe                            0x080032a7   Thumb Code    20  usbh_pipes.o(i.USBH_OpenPipe)
    USBH_Process                             0x08003397   Thumb Code   416  usbh_core.o(i.USBH_Process)
    USBH_RegisterClass                       0x08003537   Thumb Code    28  usbh_core.o(i.USBH_RegisterClass)
    USBH_SelectInterface                     0x08003553   Thumb Code    22  usbh_core.o(i.USBH_SelectInterface)
    USBH_SetAddress                          0x08003569   Thumb Code    28  usbh_ctlreq.o(i.USBH_SetAddress)
    USBH_SetCfg                              0x08003585   Thumb Code    28  usbh_ctlreq.o(i.USBH_SetCfg)
    USBH_SetFeature                          0x080035a1   Thumb Code    28  usbh_ctlreq.o(i.USBH_SetFeature)
    USBH_Start                               0x080035bd   Thumb Code    20  usbh_core.o(i.USBH_Start)
    USB_CoreInit                             0x080035f1   Thumb Code   112  stm32f4xx_ll_usb.o(i.USB_CoreInit)
    USB_DisableGlobalInt                     0x0800369d   Thumb Code    12  stm32f4xx_ll_usb.o(i.USB_DisableGlobalInt)
    USB_DoPing                               0x080036a9   Thumb Code    30  stm32f4xx_ll_usb.o(i.USB_DoPing)
    USB_DriveVbus                            0x080036cd   Thumb Code    44  stm32f4xx_ll_usb.o(i.USB_DriveVbus)
    USB_EnableGlobalInt                      0x080036f9   Thumb Code    12  stm32f4xx_ll_usb.o(i.USB_EnableGlobalInt)
    USB_FlushRxFifo                          0x08003705   Thumb Code    28  stm32f4xx_ll_usb.o(i.USB_FlushRxFifo)
    USB_FlushTxFifo                          0x08003725   Thumb Code    32  stm32f4xx_ll_usb.o(i.USB_FlushTxFifo)
    USB_GetCurrentFrame                      0x08003749   Thumb Code     8  stm32f4xx_ll_usb.o(i.USB_GetCurrentFrame)
    USB_GetHostSpeed                         0x08003751   Thumb Code    14  stm32f4xx_ll_usb.o(i.USB_GetHostSpeed)
    USB_GetMode                              0x0800375f   Thumb Code     8  stm32f4xx_ll_usb.o(i.USB_GetMode)
    USB_HC_Halt                              0x08003767   Thumb Code   194  stm32f4xx_ll_usb.o(i.USB_HC_Halt)
    USB_HC_Init                              0x08003829   Thumb Code   240  stm32f4xx_ll_usb.o(i.USB_HC_Init)
    USB_HC_ReadInterrupt                     0x08003919   Thumb Code     8  stm32f4xx_ll_usb.o(i.USB_HC_ReadInterrupt)
    USB_HC_StartXfer                         0x08003921   Thumb Code   330  stm32f4xx_ll_usb.o(i.USB_HC_StartXfer)
    USB_HostInit                             0x08003a71   Thumb Code   194  stm32f4xx_ll_usb.o(i.USB_HostInit)
    USB_InitFSLSPClkSel                      0x08003b49   Thumb Code    54  stm32f4xx_ll_usb.o(i.USB_InitFSLSPClkSel)
    USB_ReadInterrupts                       0x08003b7f   Thumb Code     8  stm32f4xx_ll_usb.o(i.USB_ReadInterrupts)
    USB_ReadPacket                           0x08003b87   Thumb Code    28  stm32f4xx_ll_usb.o(i.USB_ReadPacket)
    USB_ResetPort                            0x08003ba3   Thumb Code    50  stm32f4xx_ll_usb.o(i.USB_ResetPort)
    USB_SetCurrentMode                       0x08003bd5   Thumb Code    46  stm32f4xx_ll_usb.o(i.USB_SetCurrentMode)
    USB_StopHost                             0x08003c05   Thumb Code   126  stm32f4xx_ll_usb.o(i.USB_StopHost)
    USB_WritePacket                          0x08003c83   Thumb Code    36  stm32f4xx_ll_usb.o(i.USB_WritePacket)
    UsageFault_Handler                       0x08003ca7   Thumb Code     2  stm32f4xx_it.o(i.UsageFault_Handler)
    __scatterload_copy                       0x08003cc9   Thumb Code    14  handlers.o(i.__scatterload_copy)
    __scatterload_null                       0x08003cd7   Thumb Code     2  handlers.o(i.__scatterload_null)
    __scatterload_zeroinit                   0x08003cd9   Thumb Code    14  handlers.o(i.__scatterload_zeroinit)
    free                                     0x08003ce9   Thumb Code    76  malloc.o(i.free)
    main                                     0x08003d39   Thumb Code   208  main.o(i.main)
    malloc                                   0x08003e21   Thumb Code    92  malloc.o(i.malloc)
    AHBPrescTable                            0x08003e8c   Data          16  system_stm32f4xx.o(.constdata)
    APBPrescTable                            0x08003e9c   Data           8  system_stm32f4xx.o(.constdata)
    Region$$Table$$Base                      0x08003ea8   Number         0  anon$$obj.o(Region$$Table)
    Region$$Table$$Limit                     0x08003ec8   Number         0  anon$$obj.o(Region$$Table)
    Appli_state                              0x20000000   Data           1  usb_host.o(.data)
    uwTickFreq                               0x20000008   Data           1  stm32f4xx_hal.o(.data)
    uwTickPrio                               0x2000000c   Data           4  stm32f4xx_hal.o(.data)
    uwTick                                   0x20000010   Data           4  stm32f4xx_hal.o(.data)
    SystemCoreClock                          0x20000014   Data           4  system_stm32f4xx.o(.data)
    CDC_Class                                0x20000018   Data          32  usbh_cdc.o(.data)
    __microlib_freelist                      0x20000038   Data           4  mvars.o(.data)
    __microlib_freelist_initialised          0x2000003c   Data           4  mvars.o(.data)
    hi2c1                                    0x20000040   Data          84  main.o(.bss)
    hi2s3                                    0x20000094   Data          72  main.o(.bss)
    hspi1                                    0x200000dc   Data          88  main.o(.bss)
    huart2                                   0x20000134   Data          64  main.o(.bss)
    hUsbHostFS                               0x20000174   Data         972  usb_host.o(.bss)
    hhcd_USB_OTG_FS                          0x20000540   Data         708  usbh_conf.o(.bss)
    __heap_base                              0x20000808   Data           0  startup_stm32f407xx.o(HEAP)
    __heap_limit                             0x20000a08   Data           0  startup_stm32f407xx.o(HEAP)
    __initial_sp                             0x20000e08   Data           0  startup_stm32f407xx.o(STACK)



==============================================================================

Memory Map of the image

  Image Entry point : 0x08000189

  Load Region LR_IROM1 (Base: 0x08000000, Size: 0x00003f08, Max: 0x00100000, ABSOLUTE)

    Execution Region ER_IROM1 (Base: 0x08000000, Size: 0x00003ec8, Max: 0x00100000, ABSOLUTE)

    Base Addr    Size         Type   Attr      Idx    E Section Name        Object

    0x08000000   0x00000188   Data   RO            3    RESET               startup_stm32f407xx.o
    0x08000188   0x00000000   Code   RO         4134  * .ARM.Collect$$$$00000000  mc_w.l(entry.o)
    0x08000188   0x00000004   Code   RO         4173    .ARM.Collect$$$$00000001  mc_w.l(entry2.o)
    0x0800018c   0x00000004   Code   RO         4176    .ARM.Collect$$$$00000004  mc_w.l(entry5.o)
    0x08000190   0x00000000   Code   RO         4178    .ARM.Collect$$$$00000008  mc_w.l(entry7b.o)
    0x08000190   0x00000000   Code   RO         4180    .ARM.Collect$$$$0000000A  mc_w.l(entry8b.o)
    0x08000190   0x00000008   Code   RO         4181    .ARM.Collect$$$$0000000B  mc_w.l(entry9a.o)
    0x08000198   0x00000000   Code   RO         4183    .ARM.Collect$$$$0000000D  mc_w.l(entry10a.o)
    0x08000198   0x00000000   Code   RO         4185    .ARM.Collect$$$$0000000F  mc_w.l(entry11a.o)
    0x08000198   0x00000004   Code   RO         4174    .ARM.Collect$$$$00002712  mc_w.l(entry2.o)
    0x0800019c   0x00000024   Code   RO            4    .text               startup_stm32f407xx.o
    0x080001c0   0x00000062   Code   RO         4137    .text               mc_w.l(uldiv.o)
    0x08000222   0x00000024   Code   RO         4139    .text               mc_w.l(memcpya.o)
    0x08000246   0x00000024   Code   RO         4141    .text               mc_w.l(memseta.o)
    0x0800026a   0x0000001e   Code   RO         4187    .text               mc_w.l(llshl.o)
    0x08000288   0x00000020   Code   RO         4189    .text               mc_w.l(llushr.o)
    0x080002a8   0x00000024   Code   RO         4193    .text               mc_w.l(init.o)
    0x080002cc   0x00000002   Code   RO          492    i.BusFault_Handler  stm32f4xx_it.o
    0x080002ce   0x00000010   Code   RO           13    i.Button_Init       main.o
    0x080002de   0x00000002   PAD
    0x080002e0   0x0000003c   Code   RO           14    i.Buttons_Init      main.o
    0x0800031c   0x00000068   Code   RO         4018    i.CDC_ProcessReception  usbh_cdc.o
    0x08000384   0x00000072   Code   RO         4019    i.CDC_ProcessTransmission  usbh_cdc.o
    0x080003f6   0x00000002   PAD
    0x080003f8   0x00000048   Code   RO         3676    i.DeInitStateMachine  usbh_core.o
    0x08000440   0x00000002   Code   RO          493    i.DebugMon_Handler  stm32f4xx_it.o
    0x08000442   0x00000008   Code   RO           15    i.Encode_Radio_Packet  main.o
    0x0800044a   0x00000002   Code   RO           17    i.Error_Handler     main.o
    0x0800044c   0x00000016   Code   RO         4020    i.GetLineCoding     usbh_cdc.o
    0x08000462   0x00000002   PAD
    0x08000464   0x00000024   Code   RO         3390    i.HAL_Delay         stm32f4xx_hal.o
    0x08000488   0x000001b0   Code   RO         2864    i.HAL_GPIO_Init     stm32f4xx_hal_gpio.o
    0x08000638   0x0000000a   Code   RO         2866    i.HAL_GPIO_ReadPin  stm32f4xx_hal_gpio.o
    0x08000642   0x0000000a   Code   RO         2868    i.HAL_GPIO_WritePin  stm32f4xx_hal_gpio.o
    0x0800064c   0x0000000c   Code   RO         3396    i.HAL_GetTick       stm32f4xx_hal.o
    0x08000658   0x00000008   Code   RO          287    i.HAL_HCD_Connect_Callback  usbh_conf.o
    0x08000660   0x00000008   Code   RO          288    i.HAL_HCD_Disconnect_Callback  usbh_conf.o
    0x08000668   0x00000006   Code   RO          649    i.HAL_HCD_GetCurrentFrame  stm32f4xx_hal_hcd.o
    0x0800066e   0x00000006   Code   RO          650    i.HAL_HCD_GetCurrentSpeed  stm32f4xx_hal_hcd.o
    0x08000674   0x0000000e   Code   RO          653    i.HAL_HCD_HC_GetURBState  stm32f4xx_hal_hcd.o
    0x08000682   0x0000000c   Code   RO          654    i.HAL_HCD_HC_GetXferCount  stm32f4xx_hal_hcd.o
    0x0800068e   0x00000024   Code   RO          655    i.HAL_HCD_HC_Halt   stm32f4xx_hal_hcd.o
    0x080006b2   0x00000072   Code   RO          656    i.HAL_HCD_HC_Init   stm32f4xx_hal_hcd.o
    0x08000724   0x00000002   Code   RO          289    i.HAL_HCD_HC_NotifyURBChange_Callback  usbh_conf.o
    0x08000726   0x0000008e   Code   RO          658    i.HAL_HCD_HC_SubmitRequest  stm32f4xx_hal_hcd.o
    0x080007b4   0x00000132   Code   RO          659    i.HAL_HCD_IRQHandler  stm32f4xx_hal_hcd.o
    0x080008e6   0x00000072   Code   RO          660    i.HAL_HCD_Init      stm32f4xx_hal_hcd.o
    0x08000958   0x00000094   Code   RO          291    i.HAL_HCD_MspInit   usbh_conf.o
    0x080009ec   0x00000008   Code   RO          292    i.HAL_HCD_PortDisabled_Callback  usbh_conf.o
    0x080009f4   0x00000008   Code   RO          293    i.HAL_HCD_PortEnabled_Callback  usbh_conf.o
    0x080009fc   0x00000006   Code   RO          665    i.HAL_HCD_ResetPort  stm32f4xx_hal_hcd.o
    0x08000a02   0x00000008   Code   RO          294    i.HAL_HCD_SOF_Callback  usbh_conf.o
    0x08000a0a   0x0000002c   Code   RO          667    i.HAL_HCD_Start     stm32f4xx_hal_hcd.o
    0x08000a36   0x00000024   Code   RO          668    i.HAL_HCD_Stop      stm32f4xx_hal_hcd.o
    0x08000a5a   0x00000002   PAD
    0x08000a5c   0x00000174   Code   RO         1133    i.HAL_I2C_Init      stm32f4xx_hal_i2c.o
    0x08000bd0   0x0000006c   Code   RO          575    i.HAL_I2C_MspInit   stm32f4xx_hal_msp.o
    0x08000c3c   0x000001f4   Code   RO         1741    i.HAL_I2SEx_FullDuplex_IRQHandler  stm32f4xx_hal_i2s_ex.o
    0x08000e30   0x00000002   Code   RO         1745    i.HAL_I2SEx_TxRxCpltCallback  stm32f4xx_hal_i2s_ex.o
    0x08000e32   0x00000002   Code   RO         1566    i.HAL_I2S_ErrorCallback  stm32f4xx_hal_i2s.o
    0x08000e34   0x00000174   Code   RO         1570    i.HAL_I2S_Init      stm32f4xx_hal_i2s.o
    0x08000fa8   0x00000090   Code   RO          577    i.HAL_I2S_MspInit   stm32f4xx_hal_msp.o
    0x08001038   0x00000002   Code   RO         1576    i.HAL_I2S_RxCpltCallback  stm32f4xx_hal_i2s.o
    0x0800103a   0x00000002   Code   RO         1581    i.HAL_I2S_TxCpltCallback  stm32f4xx_hal_i2s.o
    0x0800103c   0x00000010   Code   RO         3402    i.HAL_IncTick       stm32f4xx_hal.o
    0x0800104c   0x00000034   Code   RO         3403    i.HAL_Init          stm32f4xx_hal.o
    0x08001080   0x00000040   Code   RO         3404    i.HAL_InitTick      stm32f4xx_hal.o
    0x080010c0   0x00000034   Code   RO          578    i.HAL_MspInit       stm32f4xx_hal_msp.o
    0x080010f4   0x0000001a   Code   RO         3253    i.HAL_NVIC_EnableIRQ  stm32f4xx_hal_cortex.o
    0x0800110e   0x00000002   PAD
    0x08001110   0x00000040   Code   RO         3259    i.HAL_NVIC_SetPriority  stm32f4xx_hal_cortex.o
    0x08001150   0x00000024   Code   RO         3260    i.HAL_NVIC_SetPriorityGrouping  stm32f4xx_hal_cortex.o
    0x08001174   0x0000005c   Code   RO         2614    i.HAL_RCCEx_GetPeriphCLKFreq  stm32f4xx_hal_rcc_ex.o
    0x080011d0   0x0000013c   Code   RO         2615    i.HAL_RCCEx_PeriphCLKConfig  stm32f4xx_hal_rcc_ex.o
    0x0800130c   0x00000130   Code   RO         2510    i.HAL_RCC_ClockConfig  stm32f4xx_hal_rcc.o
    0x0800143c   0x00000020   Code   RO         2517    i.HAL_RCC_GetPCLK1Freq  stm32f4xx_hal_rcc.o
    0x0800145c   0x00000020   Code   RO         2518    i.HAL_RCC_GetPCLK2Freq  stm32f4xx_hal_rcc.o
    0x0800147c   0x00000060   Code   RO         2519    i.HAL_RCC_GetSysClockFreq  stm32f4xx_hal_rcc.o
    0x080014dc   0x0000031c   Code   RO         2522    i.HAL_RCC_OscConfig  stm32f4xx_hal_rcc.o
    0x080017f8   0x00000080   Code   RO         1836    i.HAL_SPI_Init      stm32f4xx_hal_spi.o
    0x08001878   0x00000068   Code   RO          580    i.HAL_SPI_MspInit   stm32f4xx_hal_msp.o
    0x080018e0   0x00000028   Code   RO         3264    i.HAL_SYSTICK_Config  stm32f4xx_hal_cortex.o
    0x08001908   0x00000062   Code   RO         2208    i.HAL_UART_Init     stm32f4xx_hal_uart.o
    0x0800196a   0x00000002   PAD
    0x0800196c   0x00000068   Code   RO          582    i.HAL_UART_MspInit  stm32f4xx_hal_msp.o
    0x080019d4   0x000000ba   Code   RO         2216    i.HAL_UART_Transmit  stm32f4xx_hal_uart.o
    0x08001a8e   0x0000022c   Code   RO          669    i.HCD_HC_IN_IRQHandler  stm32f4xx_hal_hcd.o
    0x08001cba   0x00000244   Code   RO          670    i.HCD_HC_OUT_IRQHandler  stm32f4xx_hal_hcd.o
    0x08001efe   0x000000b8   Code   RO          671    i.HCD_Port_IRQHandler  stm32f4xx_hal_hcd.o
    0x08001fb6   0x00000002   PAD
    0x08001fb8   0x00000070   Code   RO          672    i.HCD_RXQLVL_IRQHandler  stm32f4xx_hal_hcd.o
    0x08002028   0x00000002   Code   RO          494    i.HardFault_Handler  stm32f4xx_it.o
    0x0800202a   0x00000002   PAD
    0x0800202c   0x00000060   Code   RO         1748    i.I2SEx_RxISR_I2SExt  stm32f4xx_hal_i2s_ex.o
    0x0800208c   0x00000060   Code   RO         1749    i.I2SEx_TxISR_I2SExt  stm32f4xx_hal_i2s_ex.o
    0x080020ec   0x000000f2   Code   RO         1588    i.I2S_IRQHandler    stm32f4xx_hal_i2s.o
    0x080021de   0x00000002   PAD
    0x080021e0   0x0000006c   Code   RO           18    i.LED_Debug         main.o
    0x0800224c   0x00000014   Code   RO          468    i.MX_DriverVbusFS   usbh_platform.o
    0x08002260   0x00000170   Code   RO           19    i.MX_GPIO_Init      main.o
    0x080023d0   0x00000034   Code   RO           20    i.MX_SPI1_Init      main.o
    0x08002404   0x00000040   Code   RO          215    i.MX_USB_HOST_Init  usb_host.o
    0x08002444   0x0000000c   Code   RO          216    i.MX_USB_HOST_Process  usb_host.o
    0x08002450   0x00000002   Code   RO          495    i.MemManage_Handler  stm32f4xx_it.o
    0x08002452   0x00000002   Code   RO          496    i.NMI_Handler       stm32f4xx_it.o
    0x08002454   0x0000000c   Code   RO          497    i.OTG_FS_IRQHandler  stm32f4xx_it.o
    0x08002460   0x00000002   Code   RO          498    i.PendSV_Handler    stm32f4xx_it.o
    0x08002462   0x00000002   PAD
    0x08002464   0x0000003c   Code   RO           22    i.Read_Button       main.o
    0x080024a0   0x00000002   Code   RO          499    i.SVC_Handler       stm32f4xx_it.o
    0x080024a2   0x00000004   Code   RO          500    i.SysTick_Handler   stm32f4xx_it.o
    0x080024a6   0x00000002   PAD
    0x080024a8   0x0000009c   Code   RO           23    i.SystemClock_Config  main.o
    0x08002544   0x00000054   Code   RO         3639    i.SystemInit        system_stm32f4xx.o
    0x08002598   0x000002ac   Code   RO         2234    i.UART_SetConfig    stm32f4xx_hal_uart.o
    0x08002844   0x00000064   Code   RO         2236    i.UART_WaitOnFlagUntilTimeout  stm32f4xx_hal_uart.o
    0x080028a8   0x00000034   Code   RO         3976    i.USBH_AllocPipe    usbh_pipes.o
    0x080028dc   0x00000020   Code   RO         3904    i.USBH_BulkReceiveData  usbh_ioreq.o
    0x080028fc   0x00000028   Code   RO         3905    i.USBH_BulkSendData  usbh_ioreq.o
    0x08002924   0x00000024   Code   RO         4021    i.USBH_CDC_ClassRequest  usbh_cdc.o
    0x08002948   0x0000005e   Code   RO         4024    i.USBH_CDC_InterfaceDeInit  usbh_cdc.o
    0x080029a6   0x00000134   Code   RO         4025    i.USBH_CDC_InterfaceInit  usbh_cdc.o
    0x08002ada   0x00000002   Code   RO         4026    i.USBH_CDC_LineCodingChanged  usbh_cdc.o
    0x08002adc   0x000000b8   Code   RO         4027    i.USBH_CDC_Process  usbh_cdc.o
    0x08002b94   0x00000002   Code   RO         4029    i.USBH_CDC_ReceiveCallback  usbh_cdc.o
    0x08002b96   0x00000004   Code   RO         4030    i.USBH_CDC_SOFProcess  usbh_cdc.o
    0x08002b9a   0x00000002   Code   RO         4034    i.USBH_CDC_TransmitCallback  usbh_cdc.o
    0x08002b9c   0x0000000a   Code   RO         3977    i.USBH_ClosePipe    usbh_pipes.o
    0x08002ba6   0x0000001e   Code   RO         3810    i.USBH_ClrFeature   usbh_ctlreq.o
    0x08002bc4   0x0000001e   Code   RO         3906    i.USBH_CtlReceiveData  usbh_ioreq.o
    0x08002be2   0x0000003a   Code   RO         3811    i.USBH_CtlReq       usbh_ctlreq.o
    0x08002c1c   0x00000028   Code   RO         3907    i.USBH_CtlSendData  usbh_ioreq.o
    0x08002c44   0x0000001e   Code   RO         3908    i.USBH_CtlSendSetup  usbh_ioreq.o
    0x08002c62   0x00000004   Code   RO          295    i.USBH_Delay        usbh_conf.o
    0x08002c66   0x00000002   PAD
    0x08002c68   0x00000044   Code   RO         3678    i.USBH_FindInterface  usbh_core.o
    0x08002cac   0x00000018   Code   RO         3978    i.USBH_FreePipe     usbh_pipes.o
    0x08002cc4   0x00000034   Code   RO         3812    i.USBH_GetDescriptor  usbh_ctlreq.o
    0x08002cf8   0x0000000e   Code   RO         3813    i.USBH_GetNextDesc  usbh_ctlreq.o
    0x08002d06   0x0000002c   Code   RO         3814    i.USBH_Get_CfgDesc  usbh_ctlreq.o
    0x08002d32   0x00000090   Code   RO         3815    i.USBH_Get_DevDesc  usbh_ctlreq.o
    0x08002dc2   0x00000048   Code   RO         3816    i.USBH_Get_StringDesc  usbh_ctlreq.o
    0x08002e0a   0x00000018   Code   RO          296    i.USBH_Get_USB_Status  usbh_conf.o
    0x08002e22   0x0000018a   Code   RO         3817    i.USBH_HandleControl  usbh_ctlreq.o
    0x08002fac   0x000000f2   Code   RO         3681    i.USBH_HandleEnum   usbh_core.o
    0x0800309e   0x00000030   Code   RO         3682    i.USBH_Init         usbh_core.o
    0x080030ce   0x00000012   Code   RO          297    i.USBH_LL_ClosePipe  usbh_conf.o
    0x080030e0   0x0000002a   Code   RO         3684    i.USBH_LL_Connect   usbh_core.o
    0x0800310a   0x00000038   Code   RO         3685    i.USBH_LL_Disconnect  usbh_core.o
    0x08003142   0x0000001a   Code   RO          299    i.USBH_LL_DriverVBUS  usbh_conf.o
    0x0800315c   0x00000008   Code   RO          300    i.USBH_LL_GetLastXferSize  usbh_conf.o
    0x08003164   0x00000022   Code   RO          301    i.USBH_LL_GetSpeed  usbh_conf.o
    0x08003186   0x00000008   Code   RO          303    i.USBH_LL_GetURBState  usbh_conf.o
    0x0800318e   0x0000001e   Code   RO         3686    i.USBH_LL_IncTimer  usbh_core.o
    0x080031ac   0x00000050   Code   RO          304    i.USBH_LL_Init      usbh_conf.o
    0x080031fc   0x0000001c   Code   RO          305    i.USBH_LL_OpenPipe  usbh_conf.o
    0x08003218   0x00000008   Code   RO         3687    i.USBH_LL_PortDisabled  usbh_core.o
    0x08003220   0x00000008   Code   RO         3688    i.USBH_LL_PortEnabled  usbh_core.o
    0x08003228   0x00000012   Code   RO          306    i.USBH_LL_ResetPort  usbh_conf.o
    0x0800323a   0x00000006   Code   RO         3689    i.USBH_LL_SetTimer  usbh_core.o
    0x08003240   0x00000020   Code   RO          307    i.USBH_LL_SetToggle  usbh_conf.o
    0x08003260   0x00000012   Code   RO          308    i.USBH_LL_Start     usbh_conf.o
    0x08003272   0x00000012   Code   RO          309    i.USBH_LL_Stop      usbh_conf.o
    0x08003284   0x00000022   Code   RO          310    i.USBH_LL_SubmitURB  usbh_conf.o
    0x080032a6   0x00000014   Code   RO         3979    i.USBH_OpenPipe     usbh_pipes.o
    0x080032ba   0x000000dc   Code   RO         3818    i.USBH_ParseCfgDesc  usbh_ctlreq.o
    0x08003396   0x000001a0   Code   RO         3690    i.USBH_Process      usbh_core.o
    0x08003536   0x0000001c   Code   RO         3692    i.USBH_RegisterClass  usbh_core.o
    0x08003552   0x00000016   Code   RO         3693    i.USBH_SelectInterface  usbh_core.o
    0x08003568   0x0000001c   Code   RO         3819    i.USBH_SetAddress   usbh_ctlreq.o
    0x08003584   0x0000001c   Code   RO         3820    i.USBH_SetCfg       usbh_ctlreq.o
    0x080035a0   0x0000001c   Code   RO         3821    i.USBH_SetFeature   usbh_ctlreq.o
    0x080035bc   0x00000014   Code   RO         3694    i.USBH_Start        usbh_core.o
    0x080035d0   0x00000020   Code   RO          217    i.USBH_UserProcess  usb_host.o
    0x080035f0   0x00000074   Code   RO          827    i.USB_CoreInit      stm32f4xx_ll_usb.o
    0x08003664   0x00000038   Code   RO          828    i.USB_CoreReset     stm32f4xx_ll_usb.o
    0x0800369c   0x0000000c   Code   RO          835    i.USB_DisableGlobalInt  stm32f4xx_ll_usb.o
    0x080036a8   0x00000024   Code   RO          836    i.USB_DoPing        stm32f4xx_ll_usb.o
    0x080036cc   0x0000002c   Code   RO          837    i.USB_DriveVbus     stm32f4xx_ll_usb.o
    0x080036f8   0x0000000c   Code   RO          843    i.USB_EnableGlobalInt  stm32f4xx_ll_usb.o
    0x08003704   0x00000020   Code   RO          844    i.USB_FlushRxFifo   stm32f4xx_ll_usb.o
    0x08003724   0x00000024   Code   RO          845    i.USB_FlushTxFifo   stm32f4xx_ll_usb.o
    0x08003748   0x00000008   Code   RO          846    i.USB_GetCurrentFrame  stm32f4xx_ll_usb.o
    0x08003750   0x0000000e   Code   RO          848    i.USB_GetHostSpeed  stm32f4xx_ll_usb.o
    0x0800375e   0x00000008   Code   RO          849    i.USB_GetMode       stm32f4xx_ll_usb.o
    0x08003766   0x000000c2   Code   RO          850    i.USB_HC_Halt       stm32f4xx_ll_usb.o
    0x08003828   0x000000f0   Code   RO          851    i.USB_HC_Init       stm32f4xx_ll_usb.o
    0x08003918   0x00000008   Code   RO          852    i.USB_HC_ReadInterrupt  stm32f4xx_ll_usb.o
    0x08003920   0x00000150   Code   RO          853    i.USB_HC_StartXfer  stm32f4xx_ll_usb.o
    0x08003a70   0x000000d8   Code   RO          854    i.USB_HostInit      stm32f4xx_ll_usb.o
    0x08003b48   0x00000036   Code   RO          855    i.USB_InitFSLSPClkSel  stm32f4xx_ll_usb.o
    0x08003b7e   0x00000008   Code   RO          860    i.USB_ReadInterrupts  stm32f4xx_ll_usb.o
    0x08003b86   0x0000001c   Code   RO          861    i.USB_ReadPacket    stm32f4xx_ll_usb.o
    0x08003ba2   0x00000032   Code   RO          862    i.USB_ResetPort     stm32f4xx_ll_usb.o
    0x08003bd4   0x0000002e   Code   RO          863    i.USB_SetCurrentMode  stm32f4xx_ll_usb.o
    0x08003c02   0x00000002   PAD
    0x08003c04   0x0000007e   Code   RO          868    i.USB_StopHost      stm32f4xx_ll_usb.o
    0x08003c82   0x00000024   Code   RO          869    i.USB_WritePacket   stm32f4xx_ll_usb.o
    0x08003ca6   0x00000002   Code   RO          501    i.UsageFault_Handler  stm32f4xx_it.o
    0x08003ca8   0x00000020   Code   RO         3266    i.__NVIC_SetPriority  stm32f4xx_hal_cortex.o
    0x08003cc8   0x0000000e   Code   RO         4197    i.__scatterload_copy  mc_w.l(handlers.o)
    0x08003cd6   0x00000002   Code   RO         4198    i.__scatterload_null  mc_w.l(handlers.o)
    0x08003cd8   0x0000000e   Code   RO         4199    i.__scatterload_zeroinit  mc_w.l(handlers.o)
    0x08003ce6   0x00000002   PAD
    0x08003ce8   0x00000050   Code   RO         4145    i.free              mc_w.l(malloc.o)
    0x08003d38   0x000000e8   Code   RO           24    i.main              main.o
    0x08003e20   0x0000006c   Code   RO         4146    i.malloc            mc_w.l(malloc.o)
    0x08003e8c   0x00000010   Data   RO         3640    .constdata          system_stm32f4xx.o
    0x08003e9c   0x00000008   Data   RO         3641    .constdata          system_stm32f4xx.o
    0x08003ea4   0x00000004   Data   RO         4035    .conststring        usbh_cdc.o
    0x08003ea8   0x00000020   Data   RO         4195    Region$$Table       anon$$obj.o


    Execution Region RW_IRAM1 (Base: 0x20000000, Size: 0x00000e08, Max: 0x00020000, ABSOLUTE)

    Base Addr    Size         Type   Attr      Idx    E Section Name        Object

    0x20000000   0x00000001   Data   RW          219    .data               usb_host.o
    0x20000001   0x00000003   PAD
    0x20000004   0x00000004   Data   RW          870    .data               stm32f4xx_ll_usb.o
    0x20000008   0x0000000c   Data   RW         3410    .data               stm32f4xx_hal.o
    0x20000014   0x00000004   Data   RW         3642    .data               system_stm32f4xx.o
    0x20000018   0x00000020   Data   RW         4036    .data               usbh_cdc.o
    0x20000038   0x00000004   Data   RW         4191    .data               mc_w.l(mvars.o)
    0x2000003c   0x00000004   Data   RW         4192    .data               mc_w.l(mvars.o)
    0x20000040   0x00000134   Zero   RW           25    .bss                main.o
    0x20000174   0x000003cc   Zero   RW          218    .bss                usb_host.o
    0x20000540   0x000002c4   Zero   RW          311    .bss                usbh_conf.o
    0x20000804   0x00000004   PAD
    0x20000808   0x00000200   Zero   RW            2    HEAP                startup_stm32f407xx.o
    0x20000a08   0x00000400   Zero   RW            1    STACK               startup_stm32f407xx.o


==============================================================================

Image component sizes


      Code (inc. data)   RO Data    RW Data    ZI Data      Debug   Object Name

      1062         78          0          0        308     693760   main.o
        36          8        392          0       1536        848   startup_stm32f407xx.o
       180         28          0         12          0       4649   stm32f4xx_hal.o
       198         14          0          0          0      34007   stm32f4xx_hal_cortex.o
       452         44          0          0          0       3127   stm32f4xx_hal_gpio.o
      2268          4          0          0          0      13885   stm32f4xx_hal_hcd.o
       372         16          0          0          0       2959   stm32f4xx_hal_i2c.o
       620         18          0          0          0       4225   stm32f4xx_hal_i2s.o
       694         24          0          0          0       3799   stm32f4xx_hal_i2s_ex.o
       512         60          0          0          0       3819   stm32f4xx_hal_msp.o
      1260         76          0          0          0       5212   stm32f4xx_hal_rcc.o
       408         36          0          0          0       2305   stm32f4xx_hal_rcc_ex.o
       128          0          0          0          0       1187   stm32f4xx_hal_spi.o
      1068          8          0          0          0       4156   stm32f4xx_hal_uart.o
        32          6          0          0          0       4658   stm32f4xx_it.o
      1716         52          0          4          0      18433   stm32f4xx_ll_usb.o
        84         18         24          4          0       1191   system_stm32f4xx.o
       108         22          0          1        972       9830   usb_host.o
       872          6          4         32          0      12884   usbh_cdc.o
       540         14          0          0        708      12981   usbh_conf.o
      1066         20          0          0          0      11148   usbh_core.o
      1112         12          0          0          0      10738   usbh_ctlreq.o
       172          0          0          0          0       4416   usbh_ioreq.o
       106          0          0          0          0       3410   usbh_pipes.o
        20          4          0          0          0        530   usbh_platform.o

    ----------------------------------------------------------------------
     15112        568        452         56       3528     868157   Object Totals
         0          0         32          0          0          0   (incl. Generated)
        26          0          0          3          4          0   (incl. Padding)

    ----------------------------------------------------------------------

      Code (inc. data)   RO Data    RW Data    ZI Data      Debug   Library Member Name

         0          0          0          0          0          0   entry.o
         0          0          0          0          0          0   entry10a.o
         0          0          0          0          0          0   entry11a.o
         8          4          0          0          0          0   entry2.o
         4          0          0          0          0          0   entry5.o
         0          0          0          0          0          0   entry7b.o
         0          0          0          0          0          0   entry8b.o
         8          4          0          0          0          0   entry9a.o
        30          0          0          0          0          0   handlers.o
        36          8          0          0          0         68   init.o
        30          0          0          0          0         68   llshl.o
        32          0          0          0          0         68   llushr.o
       188         20          0          0          0        160   malloc.o
        36          0          0          0          0         68   memcpya.o
        36          0          0          0          0        108   memseta.o
         0          0          0          8          0          0   mvars.o
        98          0          0          0          0         92   uldiv.o

    ----------------------------------------------------------------------
       508         36          0          8          0        632   Library Totals
         2          0          0          0          0          0   (incl. Padding)

    ----------------------------------------------------------------------

      Code (inc. data)   RO Data    RW Data    ZI Data      Debug   Library Name

       506         36          0          8          0        632   mc_w.l

    ----------------------------------------------------------------------
       508         36          0          8          0        632   Library Totals

    ----------------------------------------------------------------------

==============================================================================


      Code (inc. data)   RO Data    RW Data    ZI Data      Debug   

     15620        604        452         64       3528     852433   Grand Totals
     15620        604        452         64       3528     852433   ELF Image Totals
     15620        604        452         64          0          0   ROM Totals

==============================================================================

    Total RO  Size (Code + RO Data)                16072 (  15.70kB)
    Total RW  Size (RW Data + ZI Data)              3592 (   3.51kB)
    Total ROM Size (Code + RO Data + RW Data)      16136 (  15.76kB)

==============================================================================

